Component: ARM Compiler 5.06 update 6 (build 750) Tool: armlink [4d35ed]

==============================================================================

Section Cross References

    startup_stm32f407xx.o(RESET) refers to startup_stm32f407xx.o(STACK) for __initial_sp
    startup_stm32f407xx.o(RESET) refers to startup_stm32f407xx.o(.text) for Reset_Handler
    startup_stm32f407xx.o(RESET) refers to stm32f4xx_it.o(i.NMI_Handler) for NMI_Handler
    startup_stm32f407xx.o(RESET) refers to stm32f4xx_it.o(i.HardFault_Handler) for HardFault_Handler
    startup_stm32f407xx.o(RESET) refers to stm32f4xx_it.o(i.MemManage_Handler) for MemManage_Handler
    startup_stm32f407xx.o(RESET) refers to stm32f4xx_it.o(i.BusFault_Handler) for BusFault_Handler
    startup_stm32f407xx.o(RESET) refers to stm32f4xx_it.o(i.UsageFault_Handler) for UsageFault_Handler
    startup_stm32f407xx.o(RESET) refers to stm32f4xx_it.o(i.SVC_Handler) for SVC_Handler
    startup_stm32f407xx.o(RESET) refers to stm32f4xx_it.o(i.DebugMon_Handler) for DebugMon_Handler
    startup_stm32f407xx.o(RESET) refers to stm32f4xx_it.o(i.PendSV_Handler) for PendSV_Handler
    startup_stm32f407xx.o(RESET) refers to stm32f4xx_it.o(i.SysTick_Handler) for SysTick_Handler
    startup_stm32f407xx.o(.text) refers to system_stm32f4xx.o(i.SystemInit) for SystemInit
    startup_stm32f407xx.o(.text) refers to entry.o(.ARM.Collect$$$$00000000) for __main
    main.o(i.SystemClock_Config) refers to memseta.o(.text) for __aeabi_memclr4
    main.o(i.SystemClock_Config) refers to stm32f4xx_hal_rcc.o(i.HAL_RCC_OscConfig) for HAL_RCC_OscConfig
    main.o(i.SystemClock_Config) refers to stm32f4xx_hal_rcc.o(i.HAL_RCC_ClockConfig) for HAL_RCC_ClockConfig
    main.o(i.main) refers to stm32f4xx_hal.o(i.HAL_Init) for HAL_Init
    main.o(i.main) refers to main.o(i.SystemClock_Config) for SystemClock_Config
    main.o(i.main) refers to gpio.o(i.MX_GPIO_Init) for MX_GPIO_Init
    main.o(i.main) refers to i2c.o(i.MX_I2C1_Init) for MX_I2C1_Init
    main.o(i.main) refers to usart.o(i.MX_USART1_UART_Init) for MX_USART1_UART_Init
    main.o(i.main) refers to bno055.o(i.bno055_assignI2C) for bno055_assignI2C
    main.o(i.main) refers to bno055.o(i.bno055_setup) for bno055_setup
    main.o(i.main) refers to bno055.o(i.bno055_setOperationMode) for bno055_setOperationMode
    main.o(i.main) refers to bmp280.o(i.bmp280_init_default_params) for bmp280_init_default_params
    main.o(i.main) refers to bmp280.o(i.bmp280_init) for bmp280_init
    main.o(i.main) refers to gpsparser.o(i.initGPS) for initGPS
    main.o(i.main) refers to stm32f4xx_hal.o(i.HAL_GetTick) for HAL_GetTick
    main.o(i.main) refers to bno055.o(i.bno055_getVectorLinearAccel) for bno055_getVectorLinearAccel
    main.o(i.main) refers to d2f.o(.text) for __aeabi_d2f
    main.o(i.main) refers to stm32f4xx_hal.o(i.HAL_Delay) for HAL_Delay
    main.o(i.main) refers to bno055.o(i.bno055_getVectorQuaternion) for bno055_getVectorQuaternion
    main.o(i.main) refers to absorientation.o(i.absFarkli) for absFarkli
    main.o(i.main) refers to bno055.o(i.bno055_getVectorEuler) for bno055_getVectorEuler
    main.o(i.main) refers to bmp280.o(i.bmp280_read_float) for bmp280_read_float
    main.o(i.main) refers to gpsparser.o(i.GPS_Process) for GPS_Process
    main.o(i.main) refers to cdcmple.o(.text) for __aeabi_cdcmpeq
    main.o(i.main) refers to gpsparser.o(i.knot2MS) for knot2MS
    main.o(i.main) refers to f2d.o(.text) for __aeabi_f2d
    main.o(i.main) refers to sin.o(i.__hardfp_sin) for __hardfp_sin
    main.o(i.main) refers to dmul.o(.text) for __aeabi_dmul
    main.o(i.main) refers to cos.o(i.__hardfp_cos) for __hardfp_cos
    main.o(i.main) refers to kalmanyazar.o(i.Predict) for Predict
    main.o(i.main) refers to kalmanyazar.o(i.NewKalmanFilterFusedPositionAccelerometer) for NewKalmanFilterFusedPositionAccelerometer
    main.o(i.main) refers to kalmanyazar.o(i.LatitudeToMeters) for LatitudeToMeters
    main.o(i.main) refers to kalmanyazar.o(i.Update) for Update
    main.o(i.main) refers to kalmanyazar.o(i.LongitudeToMeters) for LongitudeToMeters
    main.o(i.main) refers to main.o(.data) for .data
    main.o(i.main) refers to i2c.o(.bss) for hi2c1
    main.o(i.main) refers to main.o(.bss) for .bss
    main.o(i.main) refers to usart.o(.bss) for huart1
    main.o(i.main) refers to kalmanyazar.o(i.pinv) for pinv
    main.o(i.main) refers to kalmanyazar.o(i.GetPredictedPosition) for GetPredictedPosition
    main.o(i.main) refers to kalmanyazar.o(i.MetersToGeopoint) for MetersToGeopoint
    main.o(i.main) refers to kalmanyazar.o(i.GetPredictedVelocityThisAxis) for GetPredictedVelocityThisAxis
    main.o(i.main) refers to pow.o(i.__hardfp_pow) for __hardfp_pow
    main.o(i.main) refers to dadd.o(.text) for __aeabi_dadd
    main.o(i.main) refers to sqrt.o(i.__hardfp_sqrt) for __hardfp_sqrt
    main.o(i.main) refers to ddiv.o(.text) for __aeabi_ddiv
    main.o(i.main) refers to atan.o(i.__hardfp_atan) for __hardfp_atan
[...]
    .text                                    0x08000460   Section        0  _scanf_str.o(.text)
    .text                                    0x08000540   Section        0  scanf_fp.o(.text)
    _fp_value                                0x08000541   Thumb Code   296  scanf_fp.o(.text)
    .text                                    0x080008a0   Section        0  dadd.o(.text)
    .text                                    0x080009ee   Section        0  dmul.o(.text)
    .text                                    0x08000ad2   Section        0  ddiv.o(.text)
    .text                                    0x08000bb0   Section        0  dflti.o(.text)
    .text                                    0x08000bd2   Section        0  dfltui.o(.text)
    .text                                    0x08000bec   Section        0  f2d.o(.text)
    .text                                    0x08000c14   Section       48  cdcmple.o(.text)
    .text                                    0x08000c44   Section        0  d2f.o(.text)
    .text                                    0x08000c7c   Section        0  llshl.o(.text)
    .text                                    0x08000c9a   Section        0  llushr.o(.text)
    .text                                    0x08000cba   Section        0  llsshr.o(.text)
    .text                                    0x08000cde   Section        0  _chval.o(.text)
    .text                                    0x08000cfc   Section        0  scanf_char.o(.text)
    _scanf_char_input                        0x08000cfd   Thumb Code    12  scanf_char.o(.text)
    .text                                    0x08000d24   Section        0  _sgetc.o(.text)
    .text                                    0x08000d64   Section        0  iusefp.o(.text)
    .text                                    0x08000d64   Section        0  fepilogue.o(.text)
    .text                                    0x08000dd2   Section        0  depilogue.o(.text)
    .text                                    0x08000e8c   Section        0  dscalb.o(.text)
    .text                                    0x08000eba   Section        0  dsqrt.o(.text)
    .text                                    0x08000f5c   Section        0  drem.o(.text)
    .text                                    0x08000fe2   Section        0  dfltul.o(.text)
    .text                                    0x08000ffc   Section       48  cdrcmple.o(.text)
    .text                                    0x0800102c   Section       36  init.o(.text)
    .text                                    0x08001050   Section        0  isspace_c.o(.text)
    .text                                    0x0800105c   Section        0  _scanf.o(.text)
    .text                                    0x08001388   Section        0  dfixi.o(.text)
    .text                                    0x080013c8   Section        0  ctype_c.o(.text)
    .text                                    0x080013f0   Section        0  __dczerorl2.o(.text)
    i.BusFault_Handler                       0x08001446   Section        0  stm32f4xx_it.o(i.BusFault_Handler)
    i.DebugMon_Handler                       0x08001448   Section        0  stm32f4xx_it.o(i.DebugMon_Handler)
    i.DegreesToRadians                       0x0800144c   Section        0  kalmanyazar.o(i.DegreesToRadians)
    i.Error_Handler                          0x08001488   Section        0  main.o(i.Error_Handler)
    i.GPS_Process                            0x0800148c   Section        0  gpsparser.o(i.GPS_Process)
    i.GetDistanceMeters                      0x08001648   Section        0  kalmanyazar.o(i.GetDistanceMeters)
    i.GetPointAhead                          0x080017a4   Section        0  kalmanyazar.o(i.GetPointAhead)
    i.GetPredictedPosition                   0x08001a00   Section        0  kalmanyazar.o(i.GetPredictedPosition)
    i.GetPredictedVelocityThisAxis           0x08001a06   Section        0  kalmanyazar.o(i.GetPredictedVelocityThisAxis)
    i.HAL_Delay                              0x08001a0c   Section        0  stm32f4xx_hal.o(i.HAL_Delay)
    i.HAL_GPIO_Init                          0x08001a30   Section        0  stm32f4xx_hal_gpio.o(i.HAL_GPIO_Init)
    i.HAL_GetTick                            0x08001be8   Section        0  stm32f4xx_hal.o(i.HAL_GetTick)
    i.HAL_I2C_Init                           0x08001bf4   Section        0  stm32f4xx_hal_i2c.o(i.HAL_I2C_Init)
    i.HAL_I2C_Master_Receive                 0x08001d7c   Section        0  stm32f4xx_hal_i2c.o(i.HAL_I2C_Master_Receive)
    i.HAL_I2C_Master_Transmit                0x08001f5c   Section        0  stm32f4xx_hal_i2c.o(i.HAL_I2C_Master_Transmit)
    i.HAL_I2C_Mem_Read                       0x08002088   Section        0  stm32f4xx_hal_i2c.o(i.HAL_I2C_Mem_Read)
    i.HAL_I2C_Mem_Write                      0x08002280   Section        0  stm32f4xx_hal_i2c.o(i.HAL_I2C_Mem_Write)
    i.HAL_I2C_MspInit                        0x080023b0   Section        0  i2c.o(i.HAL_I2C_MspInit)
    i.HAL_IncTick                            0x08002418   Section        0  stm32f4xx_hal.o(i.HAL_IncTick)
    i.HAL_Init                               0x08002428   Section        0  stm32f4xx_hal.o(i.HAL_Init)
    i.HAL_InitTick                           0x0800245c   Section        0  stm32f4xx_hal.o(i.HAL_InitTick)
    i.HAL_MspInit                            0x0800249c   Section        0  stm32f4xx_hal_msp.o(i.HAL_MspInit)
    i.HAL_NVIC_SetPriority                   0x080024cc   Section        0  stm32f4xx_hal_cortex.o(i.HAL_NVIC_SetPriority)
    i.HAL_NVIC_SetPriorityGrouping           0x0800250c   Section        0  stm32f4xx_hal_cortex.o(i.HAL_NVIC_SetPriorityGrouping)
    i.HAL_RCC_ClockConfig                    0x08002530   Section        0  stm32f4xx_hal_rcc.o(i.HAL_RCC_ClockConfig)
    i.HAL_RCC_GetPCLK1Freq                   0x08002664   Section        0  stm32f4xx_hal_rcc.o(i.HAL_RCC_GetPCLK1Freq)
    i.HAL_RCC_GetPCLK2Freq                   0x08002684   Section        0  stm32f4xx_hal_rcc.o(i.HAL_RCC_GetPCLK2Freq)
    i.HAL_RCC_GetSysClockFreq                0x080026a4   Section        0  stm32f4xx_hal_rcc.o(i.HAL_RCC_GetSysClockFreq)
    i.HAL_RCC_OscConfig                      0x08002708   Section        0  stm32f4xx_hal_rcc.o(i.HAL_RCC_OscConfig)
    i.HAL_SYSTICK_Config                     0x08002a64   Section        0  stm32f4xx_hal_cortex.o(i.HAL_SYSTICK_Config)
    i.HAL_UART_Init                          0x08002a8c   Section        0  stm32f4xx_hal_uart.o(i.HAL_UART_Init)
    i.HAL_UART_MspInit                       0x08002af0   Section        0  usart.o(i.HAL_UART_MspInit)
    i.HAL_UART_Receive                       0x08002b5c   Section        0  stm32f4xx_hal_uart.o(i.HAL_UART_Receive)
    i.HAL_UART_Transmit                      0x08002c1a   Section        0  stm32f4xx_hal_uart.o(i.HAL_UART_Transmit)
    i.HardFault_Handler                      0x08002cd4   Section        0  stm32f4xx_it.o(i.HardFault_Handler)
    i.I2C_IsAcknowledgeFailed                0x08002cd6   Section        0  stm32f4xx_hal_i2c.o(i.I2C_IsAcknowledgeFailed)
    I2C_IsAcknowledgeFailed                  0x08002cd7   Thumb Code    46  stm32f4xx_hal_i2c.o(i.I2C_IsAcknowledgeFailed)
    i.I2C_MasterRequestRead                  0x08002d04   Section        0  stm32f4xx_hal_i2c.o(i.I2C_MasterRequestRead)
    I2C_MasterRequestRead                    0x08002d05   Thumb Code   230  stm32f4xx_hal_i2c.o(i.I2C_MasterRequestRead)
    i.I2C_MasterRequestWrite                 0x08002df0   Section        0  stm32f4xx_hal_i2c.o(i.I2C_MasterRequestWrite)
    I2C_MasterRequestWrite                   0x08002df1   Thumb Code   150  stm32f4xx_hal_i2c.o(i.I2C_MasterRequestWrite)
    i.I2C_RequestMemoryRead                  0x08002e8c   Section        0  stm32f4xx_hal_i2c.o(i.I2C_RequestMemoryRead)
    I2C_RequestMemoryRead                    0x08002e8d   Thumb Code   246  stm32f4xx_hal_i2c.o(i.I2C_RequestMemoryRead)
    i.I2C_RequestMemoryWrite                 0x08002f88   Section        0  stm32f4xx_hal_i2c.o(i.I2C_RequestMemoryWrite)
    I2C_RequestMemoryWrite                   0x08002f89   Thumb Code   162  stm32f4xx_hal_i2c.o(i.I2C_RequestMemoryWrite)
    i.I2C_WaitOnBTFFlagUntilTimeout          0x08003030   Section        0  stm32f4xx_hal_i2c.o(i.I2C_WaitOnBTFFlagUntilTimeout)
    I2C_WaitOnBTFFlagUntilTimeout            0x08003031   Thumb Code    76  stm32f4xx_hal_i2c.o(i.I2C_WaitOnBTFFlagUntilTimeout)
    i.I2C_WaitOnFlagUntilTimeout             0x0800307c   Section        0  stm32f4xx_hal_i2c.o(i.I2C_WaitOnFlagUntilTimeout)
    I2C_WaitOnFlagUntilTimeout               0x0800307d   Thumb Code   104  stm32f4xx_hal_i2c.o(i.I2C_WaitOnFlagUntilTimeout)
    i.I2C_WaitOnMasterAddressFlagUntilTimeout 0x080030e4   Section        0  stm32f4xx_hal_i2c.o(i.I2C_WaitOnMasterAddressFlagUntilTimeout)
    I2C_WaitOnMasterAddressFlagUntilTimeout  0x080030e5   Thumb Code   150  stm32f4xx_hal_i2c.o(i.I2C_WaitOnMasterAddressFlagUntilTimeout)
    i.I2C_WaitOnRXNEFlagUntilTimeout         0x0800317a   Section        0  stm32f4xx_hal_i2c.o(i.I2C_WaitOnRXNEFlagUntilTimeout)
    I2C_WaitOnRXNEFlagUntilTimeout           0x0800317b   Thumb Code   102  stm32f4xx_hal_i2c.o(i.I2C_WaitOnRXNEFlagUntilTimeout)
    i.I2C_WaitOnTXEFlagUntilTimeout          0x080031e0   Section        0  stm32f4xx_hal_i2c.o(i.I2C_WaitOnTXEFlagUntilTimeout)
    I2C_WaitOnTXEFlagUntilTimeout            0x080031e1   Thumb Code    76  stm32f4xx_hal_i2c.o(i.I2C_WaitOnTXEFlagUntilTimeout)
    i.LatitudeToMeters                       0x0800322c   Section        0  kalmanyazar.o(i.LatitudeToMeters)
    i.LongitudeToMeters                      0x08003260   Section        0  kalmanyazar.o(i.LongitudeToMeters)
    i.MX_GPIO_Init                           0x08003298   Section        0  gpio.o(i.MX_GPIO_Init)
    i.MX_I2C1_Init                           0x080032c4   Section        0  i2c.o(i.MX_I2C1_Init)
    i.MX_USART1_UART_Init                    0x08003304   Section        0  usart.o(i.MX_USART1_UART_Init)
    i.MemManage_Handler                      0x0800333c   Section        0  stm32f4xx_it.o(i.MemManage_Handler)
    i.MetersToGeopoint                       0x08003340   Section        0  kalmanyazar.o(i.MetersToGeopoint)
    i.NMI_Handler                            0x08003370   Section        0  stm32f4xx_it.o(i.NMI_Handler)
    i.NewKalmanFilterFusedPositionAccelerometer 0x08003374   Section        0  kalmanyazar.o(i.NewKalmanFilterFusedPositionAccelerometer)
    i.PendSV_Handler                         0x0800344c   Section        0  stm32f4xx_it.o(i.PendSV_Handler)
    i.PointPlusDistanceEast                  0x08003450   Section        0  kalmanyazar.o(i.PointPlusDistanceEast)
    i.PointPlusDistanceNorth                 0x0800345c   Section        0  kalmanyazar.o(i.PointPlusDistanceNorth)
    i.Predict                                0x08003468   Section        0  kalmanyazar.o(i.Predict)
    i.RadiansToDegrees                       0x08003528   Section        0  kalmanyazar.o(i.RadiansToDegrees)
    i.SVC_Handler                            0x08003564   Section        0  stm32f4xx_it.o(i.SVC_Handler)
    i.SysTick_Handler                        0x08003566   Section        0  stm32f4xx_it.o(i.SysTick_Handler)
    i.SystemClock_Config                     0x0800356c   Section        0  main.o(i.SystemClock_Config)
    i.SystemInit                             0x080035dc   Section        0  system_stm32f4xx.o(i.SystemInit)
    i.UART_SetConfig                         0x080035f8   Section        0  stm32f4xx_hal_uart.o(i.UART_SetConfig)
    UART_SetConfig                           0x080035f9   Thumb Code   286  stm32f4xx_hal_uart.o(i.UART_SetConfig)
    i.UART_WaitOnFlagUntilTimeout            0x08003720   Section        0  stm32f4xx_hal_uart.o(i.UART_WaitOnFlagUntilTimeout)
    UART_WaitOnFlagUntilTimeout              0x08003721   Thumb Code   100  stm32f4xx_hal_uart.o(i.UART_WaitOnFlagUntilTimeout)
    i.Update                                 0x08003784   Section        0  kalmanyazar.o(i.Update)
    i.UsageFault_Handler                     0x0800383a   Section        0  stm32f4xx_it.o(i.UsageFault_Handler)
    i.__ARM_fpclassify                       0x0800383c   Section        0  fpclassify.o(i.__ARM_fpclassify)
    i.__NVIC_SetPriority                     0x0800386c   Section        0  stm32f4xx_hal_cortex.o(i.__NVIC_SetPriority)
    __NVIC_SetPriority                       0x0800386d   Thumb Code    32  stm32f4xx_hal_cortex.o(i.__NVIC_SetPriority)
    i.__hardfp_asin                          0x08003890   Section        0  asin.o(i.__hardfp_asin)
    i.__hardfp_atan                          0x08003bf0   Section        0  atan.o(i.__hardfp_atan)
    i.__hardfp_atan2                         0x08003ec8   Section        0  atan2.o(i.__hardfp_atan2)
    i.__hardfp_cos                           0x080040b8   Section        0  cos.o(i.__hardfp_cos)
    i.__hardfp_fmod                          0x08004180   Section        0  fmod.o(i.__hardfp_fmod)
    i.__hardfp_pow                           0x08004288   Section        0  pow.o(i.__hardfp_pow)
    i.__hardfp_sin                           0x08004ed8   Section        0  sin.o(i.__hardfp_sin)
    i.__hardfp_sqrt                          0x08004fa0   Section        0  sqrt.o(i.__hardfp_sqrt)
    i.__ieee754_rem_pio2                     0x08005020   Section        0  rred.o(i.__ieee754_rem_pio2)
    i.__kernel_cos                           0x08005458   Section        0  cos_i.o(i.__kernel_cos)
    i.__kernel_poly                          0x080055c8   Section        0  poly.o(i.__kernel_poly)
    i.__kernel_sin                           0x080056c0   Section        0  sin_i.o(i.__kernel_sin)
    i.__mathlib_dbl_divzero                  0x080057f0   Section        0  dunder.o(i.__mathlib_dbl_divzero)
    i.__mathlib_dbl_infnan                   0x08005820   Section        0  dunder.o(i.__mathlib_dbl_infnan)
    i.__mathlib_dbl_infnan2                  0x08005834   Section        0  dunder.o(i.__mathlib_dbl_infnan2)
    i.__mathlib_dbl_invalid                  0x08005848   Section        0  dunder.o(i.__mathlib_dbl_invalid)
    i.__mathlib_dbl_overflow                 0x08005868   Section        0  dunder.o(i.__mathlib_dbl_overflow)
    i.__mathlib_dbl_underflow                0x08005888   Section        0  dunder.o(i.__mathlib_dbl_underflow)
    i.__scatterload_copy                     0x080058a8   Section       14  handlers.o(i.__scatterload_copy)
    i.__scatterload_null                     0x080058b6   Section        2  handlers.o(i.__scatterload_null)
    i.__scatterload_zeroinit                 0x080058b8   Section       14  handlers.o(i.__scatterload_zeroinit)
    i.__set_errno                            0x080058c8   Section        0  errno.o(i.__set_errno)
    i._is_digit                              0x080058d4   Section        0  scanf_fp.o(i._is_digit)
    i.absFarkli                              0x080058e2   Section        0  absorientation.o(i.absFarkli)
    i.addMatrices21                          0x0800599c   Section        0  matrix.o(i.addMatrices21)
    i.addMatrices22                          0x080059e4   Section        0  matrix.o(i.addMatrices22)
    i.atan                                   0x08005a2c   Section        0  atan.o(i.atan)
    i.bmp280_init                            0x08005a3c   Section        0  bmp280.o(i.bmp280_init)
    i.bmp280_init_default_params             0x08005b04   Section        0  bmp280.o(i.bmp280_init_default_params)
    i.bmp280_read_fixed                      0x08005b16   Section        0  bmp280.o(i.bmp280_read_fixed)
    i.bmp280_read_float                      0x08005c24   Section        0  bmp280.o(i.bmp280_read_float)
    i.bno055_assignI2C                       0x08005cf8   Section        0  bno055.o(i.bno055_assignI2C)
    i.bno055_getVector                       0x08005d04   Section        0  bno055.o(i.bno055_getVector)
    i.bno055_getVectorEuler                  0x08005e88   Section        0  bno055.o(i.bno055_getVectorEuler)
    i.bno055_getVectorLinearAccel            0x08005e8e   Section        0  bno055.o(i.bno055_getVectorLinearAccel)
    i.bno055_getVectorQuaternion             0x08005e94   Section        0  bno055.o(i.bno055_getVectorQuaternion)
    i.bno055_readData                        0x08005e9c   Section        0  bno055.o(i.bno055_readData)
    i.bno055_reset                           0x08005ecc   Section        0  bno055.o(i.bno055_reset)
    i.bno055_setOperationMode                0x08005ee2   Section        0  bno055.o(i.bno055_setOperationMode)
    i.bno055_setPage                         0x08005efe   Section        0  bno055.o(i.bno055_setPage)
    i.bno055_setup                           0x08005f06   Section        0  bno055.o(i.bno055_setup)
    i.bno055_writeData                       0x08005f38   Section        0  bno055.o(i.bno055_writeData)
    i.compensate_pressure                    0x08005f5c   Section        0  bmp280.o(i.compensate_pressure)
    compensate_pressure                      0x08005f5d   Thumb Code   342  bmp280.o(i.compensate_pressure)
    i.convertDegMinToDecDeg                  0x080060b8   Section        0  gpsparser.o(i.convertDegMinToDecDeg)
    i.determinant22                          0x08006128   Section        0  matrix.o(i.determinant22)
    i.fabs                                   0x08006220   Section        0  fabs.o(i.fabs)
    i.geoAngle                               0x08006238   Section        0  kalmanyazar.o(i.geoAngle)
    i.initGPS                                0x08006274   Section        0  gpsparser.o(i.initGPS)
    i.inverse22                              0x080062fc   Section        0  matrix.o(i.inverse22)
    i.knot2MS                                0x08006484   Section        0  gpsparser.o(i.knot2MS)
    i.main                                   0x080064ac   Section        0  main.o(i.main)
    i.multiplyMatrices21                     0x08006b1c   Section        0  matrix.o(i.multiplyMatrices21)
    i.multiplyMatrices211                    0x08006b9c   Section        0  matrix.o(i.multiplyMatrices211)
    i.multiplyMatrices22                     0x08006c1c   Section        0  matrix.o(i.multiplyMatrices22)
    i.pinv                                   0x08006c9c   Section        0  kalmanyazar.o(i.pinv)
    i.read_calibration_data                  0x08006cb2   Section        0  bmp280.o(i.read_calibration_data)
    read_calibration_data                    0x08006cb3   Thumb Code   176  bmp280.o(i.read_calibration_data)
    i.read_data                              0x08006d62   Section        0  bmp280.o(i.read_data)
    read_data                                0x08006d63   Thumb Code    42  bmp280.o(i.read_data)
    i.read_hum_calibration_data              0x08006d8c   Section        0  bmp280.o(i.read_hum_calibration_data)
    read_hum_calibration_data                0x08006d8d   Thumb Code   120  bmp280.o(i.read_hum_calibration_data)
    i.read_register16                        0x08006e04   Section        0  bmp280.o(i.read_register16)
    read_register16                          0x08006e05   Thumb Code    56  bmp280.o(i.read_register16)
    i.recreateControlMatrix                  0x08006e3c   Section        0  kalmanyazar.o(i.recreateControlMatrix)
    i.recreateStateTransitionMatrix          0x08006e88   Section        0  kalmanyazar.o(i.recreateStateTransitionMatrix)
    i.sqrt                                   0x08006ea8   Section        0  sqrt.o(i.sqrt)
    i.subMatrices21                          0x08006f16   Section        0  matrix.o(i.subMatrices21)
    i.transpose22                            0x08006f60   Section        0  matrix.o(i.transpose22)
    i.write_register8                        0x08006f8e   Section        0  bmp280.o(i.write_register8)
    write_register8                          0x08006f8f   Thumb Code    46  bmp280.o(i.write_register8)
    .constdata                               0x08006fbc   Section       48  kalmanyazar.o(.constdata)
    .constdata                               0x08006fec   Section       16  system_stm32f4xx.o(.constdata)
    .constdata                               0x08006ffc   Section        8  system_stm32f4xx.o(.constdata)
    .constdata                               0x08007008   Section       80  asin.o(.constdata)
    pS                                       0x08007008   Data          48  asin.o(.constdata)
    qS                                       0x08007038   Data          32  asin.o(.constdata)
    .constdata                               0x08007058   Section      152  atan.o(.constdata)
    atanhi                                   0x08007058   Data          32  atan.o(.constdata)
    atanlo                                   0x08007078   Data          32  atan.o(.constdata)
    aTodd                                    0x08007098   Data          40  atan.o(.constdata)
    aTeven                                   0x080070c0   Data          48  atan.o(.constdata)
    .constdata                               0x080070f0   Section      136  pow.o(.constdata)
    bp                                       0x080070f0   Data          16  pow.o(.constdata)
    dp_h                                     0x08007100   Data          16  pow.o(.constdata)
    dp_l                                     0x08007110   Data          16  pow.o(.constdata)
    L                                        0x08007120   Data          48  pow.o(.constdata)
    P                                        0x08007150   Data          40  pow.o(.constdata)
    .constdata                               0x08007178   Section       48  cos_i.o(.constdata)
    C                                        0x08007178   Data          48  cos_i.o(.constdata)
    .constdata                               0x080071a8   Section        8  qnan.o(.constdata)
    .constdata                               0x080071b0   Section      200  rred.o(.constdata)
    pio2s                                    0x080071b0   Data          48  rred.o(.constdata)
    twooverpi                                0x080071e0   Data         152  rred.o(.constdata)
    .constdata                               0x08007278   Section       40  sin_i.o(.constdata)
    S                                        0x08007278   Data          40  sin_i.o(.constdata)
    .constdata                               0x080072a0   Section       64  ctype_c.o(.constdata)
    .conststring                             0x080072e0   Section       73  gpsparser.o(.conststring)
    .data                                    0x20000000   Section      288  main.o(.data)
    .data                                    0x20000120   Section       16  bno055.o(.data)
    .data                                    0x20000130   Section       64  gpsparser.o(.data)
    .data                                    0x20000170   Section       12  stm32f4xx_hal.o(.data)
    .data                                    0x2000017c   Section        4  system_stm32f4xx.o(.data)
    .data                                    0x20000180   Section        4  errno.o(.data)
    _errno                                   0x20000180   Data           4  errno.o(.data)
    .bss                                     0x20000188   Section      488  main.o(.bss)
    .bss                                     0x20000370   Section       84  i2c.o(.bss)
    .bss                                     0x200003c4   Section       64  usart.o(.bss)
    .bss                                     0x20000404   Section      512  gpsparser.o(.bss)
    STACK                                    0x20000608   Section     1024  startup_stm32f407xx.o(STACK)

    Global Symbols

    Symbol Name                              Value     Ov Type        Size  Object(Section)

    BuildAttributes$$THM_ISAv4$E$P$D$K$B$S$7EM$VFPi3$EXTD16$VFPS$VFMA$PE$A:L22UL41UL21$X:L11$S22US41US21$IEEE1$IW$USESV6$~STKCKD$USESV7$~SHL$OTIME$ROPI$IEEEX$EBA8$MICROLIB$REQ8$PRES8$EABIv2 0x00000000   Number         0  anon$$obj.o ABSOLUTE
    __ARM_use_no_argv                        0x00000000   Number         0  main.o ABSOLUTE
    __cpp_initialize__aeabi_                  - Undefined Weak Reference
    __cxa_finalize                            - Undefined Weak Reference
    _clock_init                               - Undefined Weak Reference
    _microlib_exit                            - Undefined Weak Reference
    _scanf_longlong                           - Undefined Weak Reference
    __Vectors_Size                           0x00000188   Number         0  startup_stm32f407xx.o ABSOLUTE
    __Vectors                                0x08000000   Data           4  startup_stm32f407xx.o(RESET)
    __Vectors_End                            0x08000188   Data           0  startup_stm32f407xx.o(RESET)
    __main                                   0x08000189   Thumb Code     0  entry.o(.ARM.Collect$$$$00000000)
    _main_stk                                0x08000189   Thumb Code     0  entry2.o(.ARM.Collect$$$$00000001)
    _main_scatterload                        0x0800018d   Thumb Code     0  entry5.o(.ARM.Collect$$$$00000004)
    __main_after_scatterload                 0x08000191   Thumb Code     0  entry5.o(.ARM.Collect$$$$00000004)
    _main_clock                              0x08000191   Thumb Code     0  entry7b.o(.ARM.Collect$$$$00000008)
    _main_cpp_init                           0x08000191   Thumb Code     0  entry8b.o(.ARM.Collect$$$$0000000A)
    _main_init                               0x08000191   Thumb Code     0  entry9a.o(.ARM.Collect$$$$0000000B)
    __rt_final_cpp                           0x08000199   Thumb Code     0  entry10a.o(.ARM.Collect$$$$0000000D)
    __rt_final_exit                          0x08000199   Thumb Code     0  entry11a.o(.ARM.Collect$$$$0000000F)
    Reset_Handler                            0x0800019d   Thumb Code     8  startup_stm32f407xx.o(.text)
    ADC_IRQHandler                           0x080001b7   Thumb Code     0  startup_stm32f407xx.o(.text)
    CAN1_RX0_IRQHandler                      0x080001b7   Thumb Code     0  startup_stm32f407xx.o(.text)
    CAN1_RX1_IRQHandler                      0x080001b7   Thumb Code     0  startup_stm32f407xx.o(.text)
    CAN1_SCE_IRQHandler                      0x080001b7   Thumb Code     0  startup_stm32f407xx.o(.text)
    CAN1_TX_IRQHandler                       0x080001b7   Thumb Code     0  startup_stm32f407xx.o(.text)
    CAN2_RX0_IRQHandler                      0x080001b7   Thumb Code     0  startup_stm32f407xx.o(.text)
    CAN2_RX1_IRQHandler                      0x080001b7   Thumb Code     0  startup_stm32f407xx.o(.text)
    CAN2_SCE_IRQHandler                      0x080001b7   Thumb Code     0  startup_stm32f407xx.o(.text)
    CAN2_TX_IRQHandler                       0x080001b7   Thumb Code     0  startup_stm32f407xx.o(.text)
    DCMI_IRQHandler                          0x080001b7   Thumb Code     0  startup_stm32f407xx.o(.text)
    DMA1_Stream0_IRQHandler                  0x080001b7   Thumb Code     0  startup_stm32f407xx.o(.text)
    DMA1_Stream1_IRQHandler                  0x080001b7   Thumb Code     0  startup_stm32f407xx.o(.text)
    DMA1_Stream2_IRQHandler                  0x080001b7   Thumb Code     0  startup_stm32f407xx.o(.text)
    DMA1_Stream3_IRQHandler                  0x080001b7   Thumb Code     0  startup_stm32f407xx.o(.text)
    DMA1_Stream4_IRQHandler                  0x080001b7   Thumb Code     0  startup_stm32f407xx.o(.text)
    DMA1_Stream5_IRQHandler                  0x080001b7   Thumb Code     0  startup_stm32f407xx.o(.text)
    DMA1_Stream6_IRQHandler                  0x080001b7   Thumb Code     0  startup_stm32f407xx.o(.text)
    DMA1_Stream7_IRQHandler                  0x080001b7   Thumb Code     0  startup_stm32f407xx.o(.text)
    DMA2_Stream0_IRQHandler                  0x080001b7   Thumb Code     0  startup_stm32f407xx.o(.text)
    DMA2_Stream1_IRQHandler                  0x080001b7   Thumb Code     0  startup_stm32f407xx.o(.text)
    DMA2_Stream2_IRQHandler                  0x080001b7   Thumb Code     0  startup_stm32f407xx.o(.text)
    DMA2_Stream3_IRQHandler                  0x080001b7   Thumb Code     0  startup_stm32f407xx.o(.text)
    DMA2_Stream4_IRQHandler                  0x080001b7   Thumb Code     0  startup_stm32f407xx.o(.text)
    DMA2_Stream5_IRQHandler                  0x080001b7   Thumb Code     0  startup_stm32f407xx.o(.text)
    DMA2_Stream6_IRQHandler                  0x080001b7   Thumb Code     0  startup_stm32f407xx.o(.text)
    DMA2_Stream7_IRQHandler                  0x080001b7   Thumb Code     0  startup_stm32f407xx.o(.text)
    ETH_IRQHandler                           0x080001b7   Thumb Code     0  startup_stm32f407xx.o(.text)
    ETH_WKUP_IRQHandler                      0x080001b7   Thumb Code     0  startup_stm32f407xx.o(.text)
    EXTI0_IRQHandler                         0x080001b7   Thumb Code     0  startup_stm32f407xx.o(.text)
    EXTI15_10_IRQHandler                     0x080001b7   Thumb Code     0  startup_stm32f407xx.o(.text)
    EXTI1_IRQHandler                         0x080001b7   Thumb Code     0  startup_stm32f407xx.o(.text)
    EXTI2_IRQHandler                         0x080001b7   Thumb Code     0  startup_stm32f407xx.o(.text)
    EXTI3_IRQHandler                         0x080001b7   Thumb Code     0  startup_stm32f407xx.o(.text)
    EXTI4_IRQHandler                         0x080001b7   Thumb Code     0  startup_stm32f407xx.o(.text)
    EXTI9_5_IRQHandler                       0x080001b7   Thumb Code     0  startup_stm32f407xx.o(.text)
    FLASH_IRQHandler                         0x080001b7   Thumb Code     0  startup_stm32f407xx.o(.text)
    FMC_IRQHandler                           0x080001b7   Thumb Code     0  startup_stm32f407xx.o(.text)
    FPU_IRQHandler                           0x080001b7   Thumb Code     0  startup_stm32f407xx.o(.text)
    HASH_RNG_IRQHandler                      0x080001b7   Thumb Code     0  startup_stm32f407xx.o(.text)
    I2C1_ER_IRQHandler                       0x080001b7   Thumb Code     0  startup_stm32f407xx.o(.text)
    I2C1_EV_IRQHandler                       0x080001b7   Thumb Code     0  startup_stm32f407xx.o(.text)
    I2C2_ER_IRQHandler                       0x080001b7   Thumb Code     0  startup_stm32f407xx.o(.text)
    I2C2_EV_IRQHandler                       0x080001b7   Thumb Code     0  startup_stm32f407xx.o(.text)
    I2C3_ER_IRQHandler                       0x080001b7   Thumb Code     0  startup_stm32f407xx.o(.text)
    I2C3_EV_IRQHandler                       0x080001b7   Thumb Code     0  startup_stm32f407xx.o(.text)
    OTG_FS_IRQHandler                        0x080001b7   Thumb Code     0  startup_stm32f407xx.o(.text)
    OTG_FS_WKUP_IRQHandler                   0x080001b7   Thumb Code     0  startup_stm32f407xx.o(.text)
    OTG_HS_EP1_IN_IRQHandler                 0x080001b7   Thumb Code     0  startup_stm32f407xx.o(.text)
    OTG_HS_EP1_OUT_IRQHandler                0x080001b7   Thumb Code     0  startup_stm32f407xx.o(.text)
    OTG_HS_IRQHandler                        0x080001b7   Thumb Code     0  startup_stm32f407xx.o(.text)
    OTG_HS_WKUP_IRQHandler                   0x080001b7   Thumb Code     0  startup_stm32f407xx.o(.text)
    PVD_IRQHandler                           0x080001b7   Thumb Code     0  startup_stm32f407xx.o(.text)
    RCC_IRQHandler                           0x080001b7   Thumb Code     0  startup_stm32f407xx.o(.text)
    RTC_Alarm_IRQHandler                     0x080001b7   Thumb Code     0  startup_stm32f407xx.o(.text)
    RTC_WKUP_IRQHandler                      0x080001b7   Thumb Code     0  startup_stm32f407xx.o(.text)
    SDIO_IRQHandler                          0x080001b7   Thumb Code     0  startup_stm32f407xx.o(.text)
    SPI1_IRQHandler                          0x080001b7   Thumb Code     0  startup_stm32f407xx.o(.text)
    SPI2_IRQHandler                          0x080001b7   Thumb Code     0  startup_stm32f407xx.o(.text)
    SPI3_IRQHandler                          0x080001b7   Thumb Code     0  startup_stm32f407xx.o(.text)
    TAMP_STAMP_IRQHandler                    0x080001b7   Thumb Code     0  startup_stm32f407xx.o(.text)
    TIM1_BRK_TIM9_IRQHandler                 0x080001b7   Thumb Code     0  startup_stm32f407xx.o(.text)
    TIM1_CC_IRQHandler                       0x080001b7   Thumb Code     0  startup_stm32f407xx.o(.text)
    TIM1_TRG_COM_TIM11_IRQHandler            0x080001b7   Thumb Code     0  startup_stm32f407xx.o(.text)
    TIM1_UP_TIM10_IRQHandler                 0x080001b7   Thumb Code     0  startup_stm32f407xx.o(.text)
    TIM2_IRQHandler                          0x080001b7   Thumb Code     0  startup_stm32f407xx.o(.text)
    TIM3_IRQHandler                          0x080001b7   Thumb Code     0  startup_stm32f407xx.o(.text)
    TIM4_IRQHandler                          0x080001b7   Thumb Code     0  startup_stm32f407xx.o(.text)
    TIM5_IRQHandler                          0x080001b7   Thumb Code     0  startup_stm32f407xx.o(.text)
    TIM6_DAC_IRQHandler                      0x080001b7   Thumb Code     0  startup_stm32f407xx.o(.text)
    TIM7_IRQHandler                          0x080001b7   Thumb Code     0  startup_stm32f407xx.o(.text)
    TIM8_BRK_TIM12_IRQHandler                0x080001b7   Thumb Code     0  startup_stm32f407xx.o(.text)
    TIM8_CC_IRQHandler                       0x080001b7   Thumb Code     0  startup_stm32f407xx.o(.text)
    TIM8_TRG_COM_TIM14_IRQHandler            0x080001b7   Thumb Code     0  startup_stm32f407xx.o(.text)
    TIM8_UP_TIM13_IRQHandler                 0x080001b7   Thumb Code     0  startup_stm32f407xx.o(.text)
    UART4_IRQHandler                         0x080001b7   Thumb Code     0  startup_stm32f407xx.o(.text)
    UART5_IRQHandler                         0x080001b7   Thumb Code     0  startup_stm32f407xx.o(.text)
    USART1_IRQHandler                        0x080001b7   Thumb Code     0  startup_stm32f407xx.o(.text)
    USART2_IRQHandler                        0x080001b7   Thumb Code     0  startup_stm32f407xx.o(.text)
    USART3_IRQHandler                        0x080001b7   Thumb Code     0  startup_stm32f407xx.o(.text)
    USART6_IRQHandler                        0x080001b7   Thumb Code     0  startup_stm32f407xx.o(.text)
    WWDG_IRQHandler                          0x080001b7   Thumb Code     0  startup_stm32f407xx.o(.text)
    __aeabi_uldivmod                         0x080001c1   Thumb Code    98  uldiv.o(.text)
    __aeabi_ldivmod                          0x08000223   Thumb Code    98  ldiv.o(.text)
    __aeabi_memset                           0x08000285   Thumb Code    14  memseta.o(.text)
    __aeabi_memset4                          0x08000285   Thumb Code     0  memseta.o(.text)
    __aeabi_memset8                          0x08000285   Thumb Code     0  memseta.o(.text)
    __aeabi_memclr                           0x08000293   Thumb Code     4  memseta.o(.text)
    __aeabi_memclr4                          0x08000293   Thumb Code     0  memseta.o(.text)
    __aeabi_memclr8                          0x08000293   Thumb Code     0  memseta.o(.text)
    _memset$wrapper                          0x08000297   Thumb Code    18  memseta.o(.text)
    strstr                                   0x080002a9   Thumb Code    36  strstr.o(.text)
    strlen                                   0x080002cd   Thumb Code    14  strlen.o(.text)
    __0sscanf                                0x080002dd   Thumb Code    48  __0sscanf.o(.text)
    _scanf_int                               0x08000315   Thumb Code   332  _scanf_int.o(.text)
    _scanf_string                            0x08000461   Thumb Code   224  _scanf_str.o(.text)
    _scanf_real                              0x08000669   Thumb Code     0  scanf_fp.o(.text)
    _scanf_really_real                       0x08000669   Thumb Code   556  scanf_fp.o(.text)
    __aeabi_dadd                             0x080008a1   Thumb Code   322  dadd.o(.text)
    __aeabi_dsub                             0x080009e3   Thumb Code     6  dadd.o(.text)
    __aeabi_drsub                            0x080009e9   Thumb Code     6  dadd.o(.text)
    __aeabi_dmul                             0x080009ef   Thumb Code   228  dmul.o(.text)
    __aeabi_ddiv                             0x08000ad3   Thumb Code   222  ddiv.o(.text)
    __aeabi_i2d                              0x08000bb1   Thumb Code    34  dflti.o(.text)
    __aeabi_ui2d                             0x08000bd3   Thumb Code    26  dfltui.o(.text)
    __aeabi_f2d                              0x08000bed   Thumb Code    38  f2d.o(.text)
    __aeabi_cdcmpeq                          0x08000c15   Thumb Code     0  cdcmple.o(.text)
    __aeabi_cdcmple                          0x08000c15   Thumb Code    48  cdcmple.o(.text)
    __aeabi_d2f                              0x08000c45   Thumb Code    56  d2f.o(.text)
    __aeabi_llsl                             0x08000c7d   Thumb Code    30  llshl.o(.text)
    _ll_shift_l                              0x08000c7d   Thumb Code     0  llshl.o(.text)
    __aeabi_llsr                             0x08000c9b   Thumb Code    32  llushr.o(.text)
    _ll_ushift_r                             0x08000c9b   Thumb Code     0  llushr.o(.text)
    __aeabi_lasr                             0x08000cbb   Thumb Code    36  llsshr.o(.text)
    _ll_sshift_r                             0x08000cbb   Thumb Code     0  llsshr.o(.text)
    _chval                                   0x08000cdf   Thumb Code    28  _chval.o(.text)
    __vfscanf_char                           0x08000d09   Thumb Code    20  scanf_char.o(.text)
    _sgetc                                   0x08000d25   Thumb Code    30  _sgetc.o(.text)
    _sbackspace                              0x08000d43   Thumb Code    34  _sgetc.o(.text)
    __I$use$fp                               0x08000d65   Thumb Code     0  iusefp.o(.text)
    _float_round                             0x08000d65   Thumb Code    18  fepilogue.o(.text)
    _float_epilogue                          0x08000d77   Thumb Code    92  fepilogue.o(.text)
    _double_round                            0x08000dd3   Thumb Code    30  depilogue.o(.text)
    _double_epilogue                         0x08000df1   Thumb Code   156  depilogue.o(.text)
    __ARM_scalbn                             0x08000e8d   Thumb Code    46  dscalb.o(.text)
    scalbn                                   0x08000e8d   Thumb Code     0  dscalb.o(.text)
    _dsqrt                                   0x08000ebb   Thumb Code   162  dsqrt.o(.text)
    _drem                                    0x08000f5d   Thumb Code   134  drem.o(.text)
    __aeabi_ul2d                             0x08000fe3   Thumb Code    24  dfltul.o(.text)
    __aeabi_cdrcmple                         0x08000ffd   Thumb Code    48  cdrcmple.o(.text)
    __scatterload                            0x0800102d   Thumb Code    28  init.o(.text)
    __scatterload_rt2                        0x0800102d   Thumb Code     0  init.o(.text)
    isspace                                  0x08001051   Thumb Code    10  isspace_c.o(.text)
    __vfscanf                                0x0800105d   Thumb Code   808  _scanf.o(.text)
    __aeabi_d2iz                             0x08001389   Thumb Code    62  dfixi.o(.text)
    __ctype_lookup                           0x080013c9   Thumb Code    34  ctype_c.o(.text)
    __decompress                             0x080013f1   Thumb Code     0  __dczerorl2.o(.text)
    __decompress1                            0x080013f1   Thumb Code    86  __dczerorl2.o(.text)
    BusFault_Handler                         0x08001447   Thumb Code     2  stm32f4xx_it.o(i.BusFault_Handler)
    DebugMon_Handler                         0x08001449   Thumb Code     2  stm32f4xx_it.o(i.DebugMon_Handler)
    DegreesToRadians                         0x0800144d   Thumb Code    44  kalmanyazar.o(i.DegreesToRadians)
    Error_Handler                            0x08001489   Thumb Code     2  main.o(i.Error_Handler)
    GPS_Process                              0x0800148d   Thumb Code   360  gpsparser.o(i.GPS_Process)
    GetDistanceMeters                        0x08001649   Thumb Code   320  kalmanyazar.o(i.GetDistanceMeters)
    GetPointAhead                            0x080017a5   Thumb Code   574  kalmanyazar.o(i.GetPointAhead)
    GetPredictedPosition                     0x08001a01   Thumb Code     6  kalmanyazar.o(i.GetPredictedPosition)
    GetPredictedVelocityThisAxis             0x08001a07   Thumb Code     6  kalmanyazar.o(i.GetPredictedVelocityThisAxis)
    HAL_Delay                                0x08001a0d   Thumb Code    32  stm32f4xx_hal.o(i.HAL_Delay)
    HAL_GPIO_Init                            0x08001a31   Thumb Code   394  stm32f4xx_hal_gpio.o(i.HAL_GPIO_Init)
    HAL_GetTick                              0x08001be9   Thumb Code     6  stm32f4xx_hal.o(i.HAL_GetTick)
    HAL_I2C_Init                             0x08001bf5   Thumb Code   376  stm32f4xx_hal_i2c.o(i.HAL_I2C_Init)
    HAL_I2C_Master_Receive                   0x08001d7d   Thumb Code   468  stm32f4xx_hal_i2c.o(i.HAL_I2C_Master_Receive)
    HAL_I2C_Master_Transmit                  0x08001f5d   Thumb Code   290  stm32f4xx_hal_i2c.o(i.HAL_I2C_Master_Transmit)
    HAL_I2C_Mem_Read                         0x08002089   Thumb Code   490  stm32f4xx_hal_i2c.o(i.HAL_I2C_Mem_Read)
    HAL_I2C_Mem_Write                        0x08002281   Thumb Code   294  stm32f4xx_hal_i2c.o(i.HAL_I2C_Mem_Write)
    HAL_I2C_MspInit                          0x080023b1   Thumb Code    92  i2c.o(i.HAL_I2C_MspInit)
    HAL_IncTick                              0x08002419   Thumb Code    12  stm32f4xx_hal.o(i.HAL_IncTick)
    HAL_Init                                 0x08002429   Thumb Code    48  stm32f4xx_hal.o(i.HAL_Init)
    HAL_InitTick                             0x0800245d   Thumb Code    54  stm32f4xx_hal.o(i.HAL_InitTick)
    HAL_MspInit                              0x0800249d   Thumb Code    42  stm32f4xx_hal_msp.o(i.HAL_MspInit)
    HAL_NVIC_SetPriority                     0x080024cd   Thumb Code    60  stm32f4xx_hal_cortex.o(i.HAL_NVIC_SetPriority)
    HAL_NVIC_SetPriorityGrouping             0x0800250d   Thumb Code    26  stm32f4xx_hal_cortex.o(i.HAL_NVIC_SetPriorityGrouping)
    HAL_RCC_ClockConfig                      0x08002531   Thumb Code   288  stm32f4xx_hal_rcc.o(i.HAL_RCC_ClockConfig)
    HAL_RCC_GetPCLK1Freq                     0x08002665   Thumb Code    20  stm32f4xx_hal_rcc.o(i.HAL_RCC_GetPCLK1Freq)
    HAL_RCC_GetPCLK2Freq                     0x08002685   Thumb Code    20  stm32f4xx_hal_rcc.o(i.HAL_RCC_GetPCLK2Freq)
    HAL_RCC_GetSysClockFreq                  0x080026a5   Thumb Code    88  stm32f4xx_hal_rcc.o(i.HAL_RCC_GetSysClockFreq)
    HAL_RCC_OscConfig                        0x08002709   Thumb Code   840  stm32f4xx_hal_rcc.o(i.HAL_RCC_OscConfig)
    HAL_SYSTICK_Config                       0x08002a65   Thumb Code    40  stm32f4xx_hal_cortex.o(i.HAL_SYSTICK_Config)
    HAL_UART_Init                            0x08002a8d   Thumb Code    98  stm32f4xx_hal_uart.o(i.HAL_UART_Init)
    HAL_UART_MspInit                         0x08002af1   Thumb Code    94  usart.o(i.HAL_UART_MspInit)
    HAL_UART_Receive                         0x08002b5d   Thumb Code   190  stm32f4xx_hal_uart.o(i.HAL_UART_Receive)
    HAL_UART_Transmit                        0x08002c1b   Thumb Code   186  stm32f4xx_hal_uart.o(i.HAL_UART_Transmit)
    HardFault_Handler                        0x08002cd5   Thumb Code     2  stm32f4xx_it.o(i.HardFault_Handler)
    LatitudeToMeters                         0x0800322d   Thumb Code    46  kalmanyazar.o(i.LatitudeToMeters)
    LongitudeToMeters                        0x08003261   Thumb Code    50  kalmanyazar.o(i.LongitudeToMeters)
    MX_GPIO_Init                             0x08003299   Thumb Code    38  gpio.o(i.MX_GPIO_Init)
    MX_I2C1_Init                             0x080032c5   Thumb Code    50  i2c.o(i.MX_I2C1_Init)
    MX_USART1_UART_Init                      0x08003305   Thumb Code    48  usart.o(i.MX_USART1_UART_Init)
    MemManage_Handler                        0x0800333d   Thumb Code     2  stm32f4xx_it.o(i.MemManage_Handler)
    MetersToGeopoint                         0x08003341   Thumb Code    42  kalmanyazar.o(i.MetersToGeopoint)
    NMI_Handler                              0x08003371   Thumb Code     2  stm32f4xx_it.o(i.NMI_Handler)
    NewKalmanFilterFusedPositionAccelerometer 0x08003375   Thumb Code   212  kalmanyazar.o(i.NewKalmanFilterFusedPositionAccelerometer)
    PendSV_Handler                           0x0800344d   Thumb Code     2  stm32f4xx_it.o(i.PendSV_Handler)
    PointPlusDistanceEast                    0x08003451   Thumb Code     8  kalmanyazar.o(i.PointPlusDistanceEast)
    PointPlusDistanceNorth                   0x0800345d   Thumb Code     8  kalmanyazar.o(i.PointPlusDistanceNorth)
    Predict                                  0x08003469   Thumb Code   190  kalmanyazar.o(i.Predict)
    RadiansToDegrees                         0x08003529   Thumb Code    44  kalmanyazar.o(i.RadiansToDegrees)
    SVC_Handler                              0x08003565   Thumb Code     2  stm32f4xx_it.o(i.SVC_Handler)
    SysTick_Handler                          0x08003567   Thumb Code     4  stm32f4xx_it.o(i.SysTick_Handler)
    SystemClock_Config                       0x0800356d   Thumb Code   102  main.o(i.SystemClock_Config)
    SystemInit                               0x080035dd   Thumb Code    22  system_stm32f4xx.o(i.SystemInit)
    Update                                   0x08003785   Thumb Code   182  kalmanyazar.o(i.Update)
    UsageFault_Handler                       0x0800383b   Thumb Code     2  stm32f4xx_it.o(i.UsageFault_Handler)
    __ARM_fpclassify                         0x0800383d   Thumb Code    48  fpclassify.o(i.__ARM_fpclassify)
    __hardfp_asin                            0x08003891   Thumb Code   770  asin.o(i.__hardfp_asin)
    __hardfp_atan                            0x08003bf1   Thumb Code   622  atan.o(i.__hardfp_atan)
    __hardfp_atan2                           0x08003ec9   Thumb Code   432  atan2.o(i.__hardfp_atan2)
    __hardfp_cos                             0x080040b9   Thumb Code   180  cos.o(i.__hardfp_cos)
    __hardfp_fmod                            0x08004181   Thumb Code   254  fmod.o(i.__hardfp_fmod)
    __hardfp_pow                             0x08004289   Thumb Code  3072  pow.o(i.__hardfp_pow)
    __hardfp_sin                             0x08004ed9   Thumb Code   180  sin.o(i.__hardfp_sin)
    __hardfp_sqrt                            0x08004fa1   Thumb Code   122  sqrt.o(i.__hardfp_sqrt)
    __ieee754_rem_pio2                       0x08005021   Thumb Code   938  rred.o(i.__ieee754_rem_pio2)
    __kernel_cos                             0x08005459   Thumb Code   322  cos_i.o(i.__kernel_cos)
    __kernel_poly                            0x080055c9   Thumb Code   248  poly.o(i.__kernel_poly)
    __kernel_sin                             0x080056c1   Thumb Code   280  sin_i.o(i.__kernel_sin)
    __mathlib_dbl_divzero                    0x080057f1   Thumb Code    28  dunder.o(i.__mathlib_dbl_divzero)
    __mathlib_dbl_infnan                     0x08005821   Thumb Code    20  dunder.o(i.__mathlib_dbl_infnan)
    __mathlib_dbl_infnan2                    0x08005835   Thumb Code    20  dunder.o(i.__mathlib_dbl_infnan2)
    __mathlib_dbl_invalid                    0x08005849   Thumb Code    24  dunder.o(i.__mathlib_dbl_invalid)
    __mathlib_dbl_overflow                   0x08005869   Thumb Code    24  dunder.o(i.__mathlib_dbl_overflow)
    __mathlib_dbl_underflow                  0x08005889   Thumb Code    24  dunder.o(i.__mathlib_dbl_underflow)
    __scatterload_copy                       0x080058a9   Thumb Code    14  handlers.o(i.__scatterload_copy)
    __scatterload_null                       0x080058b7   Thumb Code     2  handlers.o(i.__scatterload_null)
    __scatterload_zeroinit                   0x080058b9   Thumb Code    14  handlers.o(i.__scatterload_zeroinit)
    __set_errno                              0x080058c9   Thumb Code     6  errno.o(i.__set_errno)
    _is_digit                                0x080058d5   Thumb Code    14  scanf_fp.o(i._is_digit)
    absFarkli                                0x080058e3   Thumb Code   186  absorientation.o(i.absFarkli)
    addMatrices21                            0x0800599d   Thumb Code    72  matrix.o(i.addMatrices21)
    addMatrices22                            0x080059e5   Thumb Code    72  matrix.o(i.addMatrices22)
    atan                                     0x08005a2d   Thumb Code    16  atan.o(i.atan)
    bmp280_init                              0x08005a3d   Thumb Code   200  bmp280.o(i.bmp280_init)
    bmp280_init_default_params               0x08005b05   Thumb Code    18  bmp280.o(i.bmp280_init_default_params)
    bmp280_read_fixed                        0x08005b17   Thumb Code   270  bmp280.o(i.bmp280_read_fixed)
    bmp280_read_float                        0x08005c25   Thumb Code   166  bmp280.o(i.bmp280_read_float)
    bno055_assignI2C                         0x08005cf9   Thumb Code     6  bno055.o(i.bno055_assignI2C)
    bno055_getVector                         0x08005d05   Thumb Code   376  bno055.o(i.bno055_getVector)
    bno055_getVectorEuler                    0x08005e89   Thumb Code     6  bno055.o(i.bno055_getVectorEuler)
    bno055_getVectorLinearAccel              0x08005e8f   Thumb Code     6  bno055.o(i.bno055_getVectorLinearAccel)
    bno055_getVectorQuaternion               0x08005e95   Thumb Code     6  bno055.o(i.bno055_getVectorQuaternion)
    bno055_readData                          0x08005e9d   Thumb Code    44  bno055.o(i.bno055_readData)
    bno055_reset                             0x08005ecd   Thumb Code    22  bno055.o(i.bno055_reset)
    bno055_setOperationMode                  0x08005ee3   Thumb Code    28  bno055.o(i.bno055_setOperationMode)
    bno055_setPage                           0x08005eff   Thumb Code     8  bno055.o(i.bno055_setPage)
    bno055_setup                             0x08005f07   Thumb Code    48  bno055.o(i.bno055_setup)
    bno055_writeData                         0x08005f39   Thumb Code    30  bno055.o(i.bno055_writeData)
    convertDegMinToDecDeg                    0x080060b9   Thumb Code    92  gpsparser.o(i.convertDegMinToDecDeg)
    determinant22                            0x08006129   Thumb Code   244  matrix.o(i.determinant22)
    fabs                                     0x08006221   Thumb Code    24  fabs.o(i.fabs)
    geoAngle                                 0x08006239   Thumb Code    44  kalmanyazar.o(i.geoAngle)
    initGPS                                  0x08006275   Thumb Code    50  gpsparser.o(i.initGPS)
    inverse22                                0x080062fd   Thumb Code   382  matrix.o(i.inverse22)
    knot2MS                                  0x08006485   Thumb Code    32  gpsparser.o(i.knot2MS)
    main                                     0x080064ad   Thumb Code  1630  main.o(i.main)
    multiplyMatrices21                       0x08006b1d   Thumb Code   122  matrix.o(i.multiplyMatrices21)
    multiplyMatrices211                      0x08006b9d   Thumb Code   122  matrix.o(i.multiplyMatrices211)
    multiplyMatrices22                       0x08006c1d   Thumb Code   122  matrix.o(i.multiplyMatrices22)
    pinv                                     0x08006c9d   Thumb Code    22  kalmanyazar.o(i.pinv)
    recreateControlMatrix                    0x08006e3d   Thumb Code    68  kalmanyazar.o(i.recreateControlMatrix)
    recreateStateTransitionMatrix            0x08006e89   Thumb Code    26  kalmanyazar.o(i.recreateStateTransitionMatrix)
    sqrt                                     0x08006ea9   Thumb Code   110  sqrt.o(i.sqrt)
    subMatrices21                            0x08006f17   Thumb Code    72  matrix.o(i.subMatrices21)
    transpose22                              0x08006f61   Thumb Code    46  matrix.o(i.transpose22)
    AHBPrescTable                            0x08006fec   Data          16  system_stm32f4xx.o(.constdata)
    APBPrescTable                            0x08006ffc   Data           8  system_stm32f4xx.o(.constdata)
    __mathlib_zero                           0x080071a8   Data           8  qnan.o(.constdata)
    __ctype_categories                       0x080072a0   Data          64  ctype_c.o(.constdata)
    Region$$Table$$Base                      0x0800732c   Number         0  anon$$obj.o(Region$$Table)
    Region$$Table$$Limit                     0x0800734c   Number         0  anon$$obj.o(Region$$Table)
    sec                                      0x20000000   Data           1  main.o(.data)
    min                                      0x20000001   Data           1  main.o(.data)
    hour                                     0x20000002   Data           1  main.o(.data)
    fix                                      0x20000003   Data           1  main.o(.data)
    test                                     0x20000004   Data           4  main.o(.data)
    zaman                                    0x20000008   Data           4  main.o(.data)
    zaman2                                   0x2000000c   Data           4  main.o(.data)
    yazarPredictedAngle                      0x20000010   Data           4  main.o(.data)
    ax                                       0x20000014   Data           4  main.o(.data)
    ay                                       0x20000018   Data           4  main.o(.data)
    az                                       0x2000001c   Data           4  main.o(.data)
    vEast                                    0x20000020   Data           4  main.o(.data)
    vNorth                                   0x20000024   Data           4  main.o(.data)
    vUp                                      0x20000028   Data           4  main.o(.data)
    resultantV                               0x2000002c   Data           4  main.o(.data)
    latlonStandartDeviation                  0x20000030   Data           4  main.o(.data)
    altitudeStandardDeviation                0x20000034   Data           4  main.o(.data)
    accelerometerEastStandardDeviation       0x20000038   Data           4  main.o(.data)
    accelerometerNorthStandardDeviation      0x2000003c   Data           4  main.o(.data)
    accelerometerUpStandardDeviation         0x20000040   Data           4  main.o(.data)
    bir                                      0x20000044   Data           4  main.o(.data)
    h_obs                                    0x20000048   Data           4  main.o(.data)
    h_hat                                    0x2000004c   Data           4  main.o(.data)
    sigma_baro                               0x20000050   Data           4  main.o(.data)
    sigma_gps                                0x20000054   Data           4  main.o(.data)
    k_gps                                    0x20000058   Data           4  main.o(.data)
    angleBno                                 0x2000005c   Data           4  main.o(.data)
    h_obsAngle                               0x20000060   Data           4  main.o(.data)
    h_hatAngle                               0x20000064   Data           4  main.o(.data)
    sigma_baroAngle                          0x20000068   Data           4  main.o(.data)
    sigma_gpsAngle                           0x2000006c   Data           4  main.o(.data)
    k_gpsAngle                               0x20000070   Data           4  main.o(.data)
    pressure                                 0x20000074   Data           4  main.o(.data)
    temperature                              0x20000078   Data           4  main.o(.data)
    humidity                                 0x2000007c   Data           4  main.o(.data)
    altitudeBMP                              0x20000080   Data           4  main.o(.data)
    speed                                    0x20000084   Data           4  main.o(.data)
    angle                                    0x20000088   Data           4  main.o(.data)
    accelerationEast                         0x2000008c   Data           4  main.o(.data)
    accelerationNorth                        0x20000090   Data           4  main.o(.data)
    accelerationUp                           0x20000094   Data           4  main.o(.data)
    alt                                      0x20000098   Data           4  main.o(.data)
    gpsLatitude_raw                          0x2000009c   Data           4  main.o(.data)
    gpsLongitude_raw                         0x200000a0   Data           4  main.o(.data)
    gpsAltitude_raw                          0x200000a4   Data           4  main.o(.data)
    gpsSpeed_raw                             0x200000a8   Data           4  main.o(.data)
    Hb                                       0x200000ac   Data           4  main.o(.data)
    Qb                                       0x200000b0   Data           4  main.o(.data)
    Rb                                       0x200000b4   Data           4  main.o(.data)
    HbAngle                                  0x200000b8   Data           4  main.o(.data)
    QbAngle                                  0x200000bc   Data           4  main.o(.data)
    RbAngle                                  0x200000c0   Data           4  main.o(.data)
    predictedLon                             0x200000c8   Data           8  main.o(.data)
    predictedLat                             0x200000d0   Data           8  main.o(.data)
    predictedVE                              0x200000d8   Data           8  main.o(.data)
    predictedVN                              0x200000e0   Data           8  main.o(.data)
    lat10                                    0x200000e8   Data           8  main.o(.data)
    lon10                                    0x200000f0   Data           8  main.o(.data)
    oldLat                                   0x200000f8   Data           8  main.o(.data)
    oldLon                                   0x20000100   Data           8  main.o(.data)
    predictedLonMeters                       0x20000108   Data           8  main.o(.data)
    predictedLatMeters                       0x20000110   Data           8  main.o(.data)
    predictedAlt                             0x20000118   Data           8  main.o(.data)
    accelScale                               0x20000120   Data           2  bno055.o(.data)
    angularRateScale                         0x20000122   Data           2  bno055.o(.data)
    eulerScale                               0x20000124   Data           2  bno055.o(.data)
    magScale                                 0x20000126   Data           2  bno055.o(.data)
    quaScale                                 0x20000128   Data           2  bno055.o(.data)
    _bno055_i2c_port                         0x2000012c   Data           4  bno055.o(.data)
    UTC_Hour                                 0x20000130   Data           1  gpsparser.o(.data)
    UTC_Min                                  0x20000131   Data           1  gpsparser.o(.data)
    UTC_Sec                                  0x20000132   Data           1  gpsparser.o(.data)
    status                                   0x20000133   Data           1  gpsparser.o(.data)
    NS_Indicator                             0x20000134   Data           1  gpsparser.o(.data)
    EW_Indicator                             0x20000135   Data           1  gpsparser.o(.data)
    PositionFixIndicator                     0x20000136   Data           1  gpsparser.o(.data)
    SatellitesUsed                           0x20000137   Data           1  gpsparser.o(.data)
    MSL_Units                                0x20000138   Data           1  gpsparser.o(.data)
    Geoid_Units                              0x20000139   Data           1  gpsparser.o(.data)
    UTC_MicroSec                             0x2000013a   Data           2  gpsparser.o(.data)
    AgeofDiffCorr                            0x2000013c   Data           2  gpsparser.o(.data)
    CheckSum                                 0x2000013e   Data           2  gpsparser.o(.data)
    trueAngle                                0x20000140   Data           4  gpsparser.o(.data)
    speed_d                                  0x20000144   Data           4  gpsparser.o(.data)
    Latitude                                 0x20000148   Data           4  gpsparser.o(.data)
    Longitude                                0x2000014c   Data           4  gpsparser.o(.data)
    HDOP                                     0x20000150   Data           4  gpsparser.o(.data)
    MSL_Altitude                             0x20000154   Data           4  gpsparser.o(.data)
    DiffRefStationID                         0x20000158   Data           4  gpsparser.o(.data)
    LatitudeDecimal                          0x20000160   Data           8  gpsparser.o(.data)
    LongitudeDecimal                         0x20000168   Data           8  gpsparser.o(.data)
    uwTickFreq                               0x20000170   Data           1  stm32f4xx_hal.o(.data)
    uwTickPrio                               0x20000174   Data           4  stm32f4xx_hal.o(.data)
    uwTick                                   0x20000178   Data           4  stm32f4xx_hal.o(.data)
    SystemCoreClock                          0x2000017c   Data           4  system_stm32f4xx.o(.data)
    bmp280                                   0x20000188   Data          52  main.o(.bss)
    v                                        0x200001c0   Data          32  main.o(.bss)
    q                                        0x200001e0   Data          16  main.o(.bss)
    longitudeEastKalmanFilter                0x200001f0   Data         128  main.o(.bss)
    latitudeNorthKalmanFilter                0x20000270   Data         128  main.o(.bss)
    altitudeUpKalmanFilter                   0x200002f0   Data         128  main.o(.bss)
    hi2c1                                    0x20000370   Data          84  i2c.o(.bss)
    huart1                                   0x200003c4   Data          64  usart.o(.bss)
    rxBuffer                                 0x20000404   Data         512  gpsparser.o(.bss)
    __initial_sp                             0x20000a08   Data           0  startup_stm32f407xx.o(STACK)



==============================================================================

Memory Map of the image

  Image Entry point : 0x08000189

  Load Region LR_IROM1 (Base: 0x08000000, Size: 0x000074d0, Max: 0x00100000, ABSOLUTE, COMPRESSED[0x00007388])

    Execution Region ER_IROM1 (Exec base: 0x08000000, Load base: 0x08000000, Size: 0x0000734c, Max: 0x00100000, ABSOLUTE)

    Exec Addr    Load Addr    Size         Type   Attr      Idx    E Section Name        Object

    0x08000000   0x08000000   0x00000188   Data   RO            3    RESET               startup_stm32f407xx.o
    0x08000188   0x08000188   0x00000000   Code   RO         3101  * .ARM.Collect$$$$00000000  mc_w.l(entry.o)
    0x08000188   0x08000188   0x00000004   Code   RO         3199    .ARM.Collect$$$$00000001  mc_w.l(entry2.o)
    0x0800018c   0x0800018c   0x00000004   Code   RO         3202    .ARM.Collect$$$$00000004  mc_w.l(entry5.o)
    0x08000190   0x08000190   0x00000000   Code   RO         3204    .ARM.Collect$$$$00000008  mc_w.l(entry7b.o)
    0x08000190   0x08000190   0x00000000   Code   RO         3206    .ARM.Collect$$$$0000000A  mc_w.l(entry8b.o)
    0x08000190   0x08000190   0x00000008   Code   RO         3207    .ARM.Collect$$$$0000000B  mc_w.l(entry9a.o)
    0x08000198   0x08000198   0x00000000   Code   RO         3209    .ARM.Collect$$$$0000000D  mc_w.l(entry10a.o)
    0x08000198   0x08000198   0x00000000   Code   RO         3211    .ARM.Collect$$$$0000000F  mc_w.l(entry11a.o)
    0x08000198   0x08000198   0x00000004   Code   RO         3200    .ARM.Collect$$$$00002712  mc_w.l(entry2.o)
    0x0800019c   0x0800019c   0x00000024   Code   RO            4    .text               startup_stm32f407xx.o
    0x080001c0   0x080001c0   0x00000062   Code   RO         3104    .text               mc_w.l(uldiv.o)
    0x08000222   0x08000222   0x00000062   Code   RO         3106    .text               mc_w.l(ldiv.o)
    0x08000284   0x08000284   0x00000024   Code   RO         3110    .text               mc_w.l(memseta.o)
    0x080002a8   0x080002a8   0x00000024   Code   RO         3112    .text               mc_w.l(strstr.o)
    0x080002cc   0x080002cc   0x0000000e   Code   RO         3114    .text               mc_w.l(strlen.o)
    0x080002da   0x080002da   0x00000002   PAD
    0x080002dc   0x080002dc   0x00000038   Code   RO         3118    .text               mc_w.l(__0sscanf.o)
    0x08000314   0x08000314   0x0000014c   Code   RO         3120    .text               mc_w.l(_scanf_int.o)
    0x08000460   0x08000460   0x000000e0   Code   RO         3122    .text               mc_w.l(_scanf_str.o)
    0x08000540   0x08000540   0x00000360   Code   RO         3124    .text               mc_w.l(scanf_fp.o)
    0x080008a0   0x080008a0   0x0000014e   Code   RO         3128    .text               mf_w.l(dadd.o)
    0x080009ee   0x080009ee   0x000000e4   Code   RO         3130    .text               mf_w.l(dmul.o)
    0x08000ad2   0x08000ad2   0x000000de   Code   RO         3132    .text               mf_w.l(ddiv.o)
    0x08000bb0   0x08000bb0   0x00000022   Code   RO         3134    .text               mf_w.l(dflti.o)
    0x08000bd2   0x08000bd2   0x0000001a   Code   RO         3136    .text               mf_w.l(dfltui.o)
    0x08000bec   0x08000bec   0x00000026   Code   RO         3138    .text               mf_w.l(f2d.o)
    0x08000c12   0x08000c12   0x00000002   PAD
    0x08000c14   0x08000c14   0x00000030   Code   RO         3140    .text               mf_w.l(cdcmple.o)
    0x08000c44   0x08000c44   0x00000038   Code   RO         3142    .text               mf_w.l(d2f.o)
    0x08000c7c   0x08000c7c   0x0000001e   Code   RO         3213    .text               mc_w.l(llshl.o)
    0x08000c9a   0x08000c9a   0x00000020   Code   RO         3215    .text               mc_w.l(llushr.o)
    0x08000cba   0x08000cba   0x00000024   Code   RO         3217    .text               mc_w.l(llsshr.o)
    0x08000cde   0x08000cde   0x0000001c   Code   RO         3226    .text               mc_w.l(_chval.o)
    0x08000cfa   0x08000cfa   0x00000002   PAD
    0x08000cfc   0x08000cfc   0x00000028   Code   RO         3228    .text               mc_w.l(scanf_char.o)
    0x08000d24   0x08000d24   0x00000040   Code   RO         3230    .text               mc_w.l(_sgetc.o)
    0x08000d64   0x08000d64   0x00000000   Code   RO         3232    .text               mc_w.l(iusefp.o)
    0x08000d64   0x08000d64   0x0000006e   Code   RO         3233    .text               mf_w.l(fepilogue.o)
    0x08000dd2   0x08000dd2   0x000000ba   Code   RO         3235    .text               mf_w.l(depilogue.o)
    0x08000e8c   0x08000e8c   0x0000002e   Code   RO         3239    .text               mf_w.l(dscalb.o)
    0x08000eba   0x08000eba   0x000000a2   Code   RO         3241    .text               mf_w.l(dsqrt.o)
    0x08000f5c   0x08000f5c   0x00000086   Code   RO         3243    .text               mf_w.l(drem.o)
    0x08000fe2   0x08000fe2   0x00000018   Code   RO         3245    .text               mf_w.l(dfltul.o)
    0x08000ffa   0x08000ffa   0x00000002   PAD
    0x08000ffc   0x08000ffc   0x00000030   Code   RO         3247    .text               mf_w.l(cdrcmple.o)
    0x0800102c   0x0800102c   0x00000024   Code   RO         3249    .text               mc_w.l(init.o)
    0x08001050   0x08001050   0x0000000a   Code   RO         3251    .text               mc_w.l(isspace_c.o)
    0x0800105a   0x0800105a   0x00000002   PAD
    0x0800105c   0x0800105c   0x0000032c   Code   RO         3253    .text               mc_w.l(_scanf.o)
    0x08001388   0x08001388   0x0000003e   Code   RO         3255    .text               mf_w.l(dfixi.o)
    0x080013c6   0x080013c6   0x00000002   PAD
    0x080013c8   0x080013c8   0x00000028   Code   RO         3257    .text               mc_w.l(ctype_c.o)
    0x080013f0   0x080013f0   0x00000056   Code   RO         3268    .text               mc_w.l(__dczerorl2.o)
    0x08001446   0x08001446   0x00000002   Code   RO          310    i.BusFault_Handler  stm32f4xx_it.o
    0x08001448   0x08001448   0x00000002   Code   RO          311    i.DebugMon_Handler  stm32f4xx_it.o
    0x0800144a   0x0800144a   0x00000002   PAD
    0x0800144c   0x0800144c   0x0000003c   Code   RO          822    i.DegreesToRadians  kalmanyazar.o
    0x08001488   0x08001488   0x00000002   Code   RO           13    i.Error_Handler     main.o
    0x0800148a   0x0800148a   0x00000002   PAD
    0x0800148c   0x0800148c   0x000001bc   Code   RO          747    i.GPS_Process       gpsparser.o
    0x08001648   0x08001648   0x0000015c   Code   RO          823    i.GetDistanceMeters  kalmanyazar.o
    0x080017a4   0x080017a4   0x0000025c   Code   RO          824    i.GetPointAhead     kalmanyazar.o
    0x08001a00   0x08001a00   0x00000006   Code   RO          825    i.GetPredictedPosition  kalmanyazar.o
    0x08001a06   0x08001a06   0x00000006   Code   RO          826    i.GetPredictedVelocityThisAxis  kalmanyazar.o
    0x08001a0c   0x08001a0c   0x00000024   Code   RO         2339    i.HAL_Delay         stm32f4xx_hal.o
    0x08001a30   0x08001a30   0x000001b8   Code   RO         1813    i.HAL_GPIO_Init     stm32f4xx_hal_gpio.o
    0x08001be8   0x08001be8   0x0000000c   Code   RO         2345    i.HAL_GetTick       stm32f4xx_hal.o
    0x08001bf4   0x08001bf4   0x00000188   Code   RO         1024    i.HAL_I2C_Init      stm32f4xx_hal_i2c.o
    0x08001d7c   0x08001d7c   0x000001e0   Code   RO         1030    i.HAL_I2C_Master_Receive  stm32f4xx_hal_i2c.o
    0x08001f5c   0x08001f5c   0x0000012c   Code   RO         1037    i.HAL_I2C_Master_Transmit  stm32f4xx_hal_i2c.o
    0x08002088   0x08002088   0x000001f8   Code   RO         1042    i.HAL_I2C_Mem_Read  stm32f4xx_hal_i2c.o
    0x08002280   0x08002280   0x00000130   Code   RO         1045    i.HAL_I2C_Mem_Write  stm32f4xx_hal_i2c.o
    0x080023b0   0x080023b0   0x00000068   Code   RO          227    i.HAL_I2C_MspInit   i2c.o
    0x08002418   0x08002418   0x00000010   Code   RO         2351    i.HAL_IncTick       stm32f4xx_hal.o
    0x08002428   0x08002428   0x00000034   Code   RO         2352    i.HAL_Init          stm32f4xx_hal.o
    0x0800245c   0x0800245c   0x00000040   Code   RO         2353    i.HAL_InitTick      stm32f4xx_hal.o
    0x0800249c   0x0800249c   0x00000030   Code   RO          385    i.HAL_MspInit       stm32f4xx_hal_msp.o
    0x080024cc   0x080024cc   0x00000040   Code   RO         2208    i.HAL_NVIC_SetPriority  stm32f4xx_hal_cortex.o
    0x0800250c   0x0800250c   0x00000024   Code   RO         2209    i.HAL_NVIC_SetPriorityGrouping  stm32f4xx_hal_cortex.o
    0x08002530   0x08002530   0x00000134   Code   RO         1459    i.HAL_RCC_ClockConfig  stm32f4xx_hal_rcc.o
    0x08002664   0x08002664   0x00000020   Code   RO         1466    i.HAL_RCC_GetPCLK1Freq  stm32f4xx_hal_rcc.o
    0x08002684   0x08002684   0x00000020   Code   RO         1467    i.HAL_RCC_GetPCLK2Freq  stm32f4xx_hal_rcc.o
    0x080026a4   0x080026a4   0x00000064   Code   RO         1468    i.HAL_RCC_GetSysClockFreq  stm32f4xx_hal_rcc.o
    0x08002708   0x08002708   0x0000035c   Code   RO         1471    i.HAL_RCC_OscConfig  stm32f4xx_hal_rcc.o
    0x08002a64   0x08002a64   0x00000028   Code   RO         2213    i.HAL_SYSTICK_Config  stm32f4xx_hal_cortex.o
    0x08002a8c   0x08002a8c   0x00000062   Code   RO         2651    i.HAL_UART_Init     stm32f4xx_hal_uart.o
    0x08002aee   0x08002aee   0x00000002   PAD
    0x08002af0   0x08002af0   0x0000006c   Code   RO          269    i.HAL_UART_MspInit  usart.o
    0x08002b5c   0x08002b5c   0x000000be   Code   RO         2654    i.HAL_UART_Receive  stm32f4xx_hal_uart.o
    0x08002c1a   0x08002c1a   0x000000ba   Code   RO         2659    i.HAL_UART_Transmit  stm32f4xx_hal_uart.o
    0x08002cd4   0x08002cd4   0x00000002   Code   RO          312    i.HardFault_Handler  stm32f4xx_it.o
    0x08002cd6   0x08002cd6   0x0000002e   Code   RO         1066    i.I2C_IsAcknowledgeFailed  stm32f4xx_hal_i2c.o
    0x08002d04   0x08002d04   0x000000ec   Code   RO         1069    i.I2C_MasterRequestRead  stm32f4xx_hal_i2c.o
    0x08002df0   0x08002df0   0x0000009c   Code   RO         1070    i.I2C_MasterRequestWrite  stm32f4xx_hal_i2c.o
    0x08002e8c   0x08002e8c   0x000000fc   Code   RO         1076    i.I2C_RequestMemoryRead  stm32f4xx_hal_i2c.o
    0x08002f88   0x08002f88   0x000000a8   Code   RO         1077    i.I2C_RequestMemoryWrite  stm32f4xx_hal_i2c.o
    0x08003030   0x08003030   0x0000004c   Code   RO         1080    i.I2C_WaitOnBTFFlagUntilTimeout  stm32f4xx_hal_i2c.o
    0x0800307c   0x0800307c   0x00000068   Code   RO         1081    i.I2C_WaitOnFlagUntilTimeout  stm32f4xx_hal_i2c.o
    0x080030e4   0x080030e4   0x00000096   Code   RO         1082    i.I2C_WaitOnMasterAddressFlagUntilTimeout  stm32f4xx_hal_i2c.o
    0x0800317a   0x0800317a   0x00000066   Code   RO         1083    i.I2C_WaitOnRXNEFlagUntilTimeout  stm32f4xx_hal_i2c.o
    0x080031e0   0x080031e0   0x0000004c   Code   RO         1084    i.I2C_WaitOnTXEFlagUntilTimeout  stm32f4xx_hal_i2c.o
    0x0800322c   0x0800322c   0x00000034   Code   RO          827    i.LatitudeToMeters  kalmanyazar.o
    0x08003260   0x08003260   0x00000038   Code   RO          828    i.LongitudeToMeters  kalmanyazar.o
    0x08003298   0x08003298   0x0000002c   Code   RO          202    i.MX_GPIO_Init      gpio.o
    0x080032c4   0x080032c4   0x00000040   Code   RO          228    i.MX_I2C1_Init      i2c.o
    0x08003304   0x08003304   0x00000038   Code   RO          270    i.MX_USART1_UART_Init  usart.o
    0x0800333c   0x0800333c   0x00000002   Code   RO          313    i.MemManage_Handler  stm32f4xx_it.o
    0x0800333e   0x0800333e   0x00000002   PAD
    0x08003340   0x08003340   0x00000030   Code   RO          829    i.MetersToGeopoint  kalmanyazar.o
    0x08003370   0x08003370   0x00000002   Code   RO          314    i.NMI_Handler       stm32f4xx_it.o
    0x08003372   0x08003372   0x00000002   PAD
    0x08003374   0x08003374   0x000000d8   Code   RO          830    i.NewKalmanFilterFusedPositionAccelerometer  kalmanyazar.o
    0x0800344c   0x0800344c   0x00000002   Code   RO          315    i.PendSV_Handler    stm32f4xx_it.o
    0x0800344e   0x0800344e   0x00000002   PAD
    0x08003450   0x08003450   0x0000000c   Code   RO          831    i.PointPlusDistanceEast  kalmanyazar.o
    0x0800345c   0x0800345c   0x0000000c   Code   RO          832    i.PointPlusDistanceNorth  kalmanyazar.o
    0x08003468   0x08003468   0x000000be   Code   RO          833    i.Predict           kalmanyazar.o
    0x08003526   0x08003526   0x00000002   PAD
    0x08003528   0x08003528   0x0000003c   Code   RO          834    i.RadiansToDegrees  kalmanyazar.o
    0x08003564   0x08003564   0x00000002   Code   RO          316    i.SVC_Handler       stm32f4xx_it.o
    0x08003566   0x08003566   0x00000004   Code   RO          317    i.SysTick_Handler   stm32f4xx_it.o
    0x0800356a   0x0800356a   0x00000002   PAD
    0x0800356c   0x0800356c   0x00000070   Code   RO           14    i.SystemClock_Config  main.o
    0x080035dc   0x080035dc   0x0000001c   Code   RO         2953    i.SystemInit        system_stm32f4xx.o
    0x080035f8   0x080035f8   0x00000128   Code   RO         2677    i.UART_SetConfig    stm32f4xx_hal_uart.o
    0x08003720   0x08003720   0x00000064   Code   RO         2679    i.UART_WaitOnFlagUntilTimeout  stm32f4xx_hal_uart.o
    0x08003784   0x08003784   0x000000b6   Code   RO          835    i.Update            kalmanyazar.o
    0x0800383a   0x0800383a   0x00000002   Code   RO          318    i.UsageFault_Handler  stm32f4xx_it.o
    0x0800383c   0x0800383c   0x00000030   Code   RO         3167    i.__ARM_fpclassify  m_wm.l(fpclassify.o)
    0x0800386c   0x0800386c   0x00000020   Code   RO         2215    i.__NVIC_SetPriority  stm32f4xx_hal_cortex.o
    0x0800388c   0x0800388c   0x00000004   PAD
    0x08003890   0x08003890   0x00000360   Code   RO         2987    i.__hardfp_asin     m_wm.l(asin.o)
    0x08003bf0   0x08003bf0   0x000002d8   Code   RO         3001    i.__hardfp_atan     m_wm.l(atan.o)
    0x08003ec8   0x08003ec8   0x000001f0   Code   RO         3015    i.__hardfp_atan2    m_wm.l(atan2.o)
    0x080040b8   0x080040b8   0x000000c8   Code   RO         3039    i.__hardfp_cos      m_wm.l(cos.o)
    0x08004180   0x08004180   0x00000104   Code   RO         3051    i.__hardfp_fmod     m_wm.l(fmod.o)
    0x08004284   0x08004284   0x00000004   PAD
    0x08004288   0x08004288   0x00000c50   Code   RO         3063    i.__hardfp_pow      m_wm.l(pow.o)
    0x08004ed8   0x08004ed8   0x000000c8   Code   RO         3077    i.__hardfp_sin      m_wm.l(sin.o)
    0x08004fa0   0x08004fa0   0x0000007a   Code   RO         3089    i.__hardfp_sqrt     m_wm.l(sqrt.o)
    0x0800501a   0x0800501a   0x00000006   PAD
    0x08005020   0x08005020   0x00000438   Code   RO         3188    i.__ieee754_rem_pio2  m_wm.l(rred.o)
    0x08005458   0x08005458   0x00000170   Code   RO         3144    i.__kernel_cos      m_wm.l(cos_i.o)
    0x080055c8   0x080055c8   0x000000f8   Code   RO         3185    i.__kernel_poly     m_wm.l(poly.o)
    0x080056c0   0x080056c0   0x00000130   Code   RO         3193    i.__kernel_sin      m_wm.l(sin_i.o)
    0x080057f0   0x080057f0   0x00000030   Code   RO         3147    i.__mathlib_dbl_divzero  m_wm.l(dunder.o)
    0x08005820   0x08005820   0x00000014   Code   RO         3148    i.__mathlib_dbl_infnan  m_wm.l(dunder.o)
    0x08005834   0x08005834   0x00000014   Code   RO         3149    i.__mathlib_dbl_infnan2  m_wm.l(dunder.o)
    0x08005848   0x08005848   0x00000020   Code   RO         3150    i.__mathlib_dbl_invalid  m_wm.l(dunder.o)
    0x08005868   0x08005868   0x00000020   Code   RO         3151    i.__mathlib_dbl_overflow  m_wm.l(dunder.o)
    0x08005888   0x08005888   0x00000020   Code   RO         3153    i.__mathlib_dbl_underflow  m_wm.l(dunder.o)
    0x080058a8   0x080058a8   0x0000000e   Code   RO         3262    i.__scatterload_copy  mc_w.l(handlers.o)
    0x080058b6   0x080058b6   0x00000002   Code   RO         3263    i.__scatterload_null  mc_w.l(handlers.o)
    0x080058b8   0x080058b8   0x0000000e   Code   RO         3264    i.__scatterload_zeroinit  mc_w.l(handlers.o)
    0x080058c6   0x080058c6   0x00000002   PAD
    0x080058c8   0x080058c8   0x0000000c   Code   RO         3221    i.__set_errno       mc_w.l(errno.o)
    0x080058d4   0x080058d4   0x0000000e   Code   RO         3126    i._is_digit         mc_w.l(scanf_fp.o)
    0x080058e2   0x080058e2   0x000000ba   Code   RO          406    i.absFarkli         absorientation.o
    0x0800599c   0x0800599c   0x00000048   Code   RO          944    i.addMatrices21     matrix.o
    0x080059e4   0x080059e4   0x00000048   Code   RO          945    i.addMatrices22     matrix.o
    0x08005a2c   0x08005a2c   0x00000010   Code   RO         3003    i.atan              m_wm.l(atan.o)
    0x08005a3c   0x08005a3c   0x000000c8   Code   RO          447    i.bmp280_init       bmp280.o
    0x08005b04   0x08005b04   0x00000012   Code   RO          448    i.bmp280_init_default_params  bmp280.o
    0x08005b16   0x08005b16   0x0000010e   Code   RO          450    i.bmp280_read_fixed  bmp280.o
    0x08005c24   0x08005c24   0x000000d4   Code   RO          451    i.bmp280_read_float  bmp280.o
    0x08005cf8   0x08005cf8   0x0000000c   Code   RO          530    i.bno055_assignI2C  bno055.o
    0x08005d04   0x08005d04   0x00000184   Code   RO          543    i.bno055_getVector  bno055.o
    0x08005e88   0x08005e88   0x00000006   Code   RO          545    i.bno055_getVectorEuler  bno055.o
    0x08005e8e   0x08005e8e   0x00000006   Code   RO          548    i.bno055_getVectorLinearAccel  bno055.o
    0x08005e94   0x08005e94   0x00000006   Code   RO          550    i.bno055_getVectorQuaternion  bno055.o
    0x08005e9a   0x08005e9a   0x00000002   PAD
    0x08005e9c   0x08005e9c   0x00000030   Code   RO          551    i.bno055_readData   bno055.o
    0x08005ecc   0x08005ecc   0x00000016   Code   RO          552    i.bno055_reset      bno055.o
    0x08005ee2   0x08005ee2   0x0000001c   Code   RO          556    i.bno055_setOperationMode  bno055.o
    0x08005efe   0x08005efe   0x00000008   Code   RO          559    i.bno055_setPage    bno055.o
    0x08005f06   0x08005f06   0x00000030   Code   RO          560    i.bno055_setup      bno055.o
    0x08005f36   0x08005f36   0x00000002   PAD
    0x08005f38   0x08005f38   0x00000024   Code   RO          561    i.bno055_writeData  bno055.o
    0x08005f5c   0x08005f5c   0x0000015c   Code   RO          452    i.compensate_pressure  bmp280.o
    0x080060b8   0x080060b8   0x00000070   Code   RO          748    i.convertDegMinToDecDeg  gpsparser.o
    0x08006128   0x08006128   0x000000f8   Code   RO          946    i.determinant22     matrix.o
    0x08006220   0x08006220   0x00000018   Code   RO         3163    i.fabs              m_wm.l(fabs.o)
    0x08006238   0x08006238   0x0000003c   Code   RO          836    i.geoAngle          kalmanyazar.o
    0x08006274   0x08006274   0x00000088   Code   RO          749    i.initGPS           gpsparser.o
    0x080062fc   0x080062fc   0x00000188   Code   RO          947    i.inverse22         matrix.o
    0x08006484   0x08006484   0x00000028   Code   RO          750    i.knot2MS           gpsparser.o
    0x080064ac   0x080064ac   0x00000670   Code   RO           15    i.main              main.o
    0x08006b1c   0x08006b1c   0x00000080   Code   RO          948    i.multiplyMatrices21  matrix.o
    0x08006b9c   0x08006b9c   0x00000080   Code   RO          949    i.multiplyMatrices211  matrix.o
    0x08006c1c   0x08006c1c   0x00000080   Code   RO          950    i.multiplyMatrices22  matrix.o
    0x08006c9c   0x08006c9c   0x00000016   Code   RO          837    i.pinv              kalmanyazar.o
    0x08006cb2   0x08006cb2   0x000000b0   Code   RO          453    i.read_calibration_data  bmp280.o
    0x08006d62   0x08006d62   0x0000002a   Code   RO          454    i.read_data         bmp280.o
    0x08006d8c   0x08006d8c   0x00000078   Code   RO          455    i.read_hum_calibration_data  bmp280.o
    0x08006e04   0x08006e04   0x00000038   Code   RO          456    i.read_register16   bmp280.o
    0x08006e3c   0x08006e3c   0x0000004c   Code   RO          838    i.recreateControlMatrix  kalmanyazar.o
    0x08006e88   0x08006e88   0x00000020   Code   RO          839    i.recreateStateTransitionMatrix  kalmanyazar.o
    0x08006ea8   0x08006ea8   0x0000006e   Code   RO         3091    i.sqrt              m_wm.l(sqrt.o)
    0x08006f16   0x08006f16   0x00000048   Code   RO          951    i.subMatrices21     matrix.o
    0x08006f5e   0x08006f5e   0x00000002   PAD
    0x08006f60   0x08006f60   0x0000002e   Code   RO          953    i.transpose22       matrix.o
    0x08006f8e   0x08006f8e   0x0000002e   Code   RO          457    i.write_register8   bmp280.o
    0x08006fbc   0x08006fbc   0x00000030   Data   RO          840    .constdata          kalmanyazar.o
    0x08006fec   0x08006fec   0x00000010   Data   RO         2954    .constdata          system_stm32f4xx.o
    0x08006ffc   0x08006ffc   0x00000008   Data   RO         2955    .constdata          system_stm32f4xx.o
    0x08007004   0x08007004   0x00000004   PAD
    0x08007008   0x08007008   0x00000050   Data   RO         2990    .constdata          m_wm.l(asin.o)
    0x08007058   0x08007058   0x00000098   Data   RO         3004    .constdata          m_wm.l(atan.o)
    0x080070f0   0x080070f0   0x00000088   Data   RO         3066    .constdata          m_wm.l(pow.o)
    0x08007178   0x08007178   0x00000030   Data   RO         3145    .constdata          m_wm.l(cos_i.o)
    0x080071a8   0x080071a8   0x00000008   Data   RO         3187    .constdata          m_wm.l(qnan.o)
    0x080071b0   0x080071b0   0x000000c8   Data   RO         3190    .constdata          m_wm.l(rred.o)
    0x08007278   0x08007278   0x00000028   Data   RO         3194    .constdata          m_wm.l(sin_i.o)
    0x080072a0   0x080072a0   0x00000040   Data   RO         3258    .constdata          mc_w.l(ctype_c.o)
    0x080072e0   0x080072e0   0x00000049   Data   RO          753    .conststring        gpsparser.o
    0x08007329   0x08007329   0x00000003   PAD
    0x0800732c   0x0800732c   0x00000020   Data   RO         3260    Region$$Table       anon$$obj.o


    Execution Region RW_IRAM2 (Exec base: 0x10000000, Load base: 0x08007388, Size: 0x00000000, Max: 0x00010000, ABSOLUTE)

    **** No section assigned to this execution region ****


    Execution Region RW_IRAM1 (Exec base: 0x20000000, Load base: 0x0800734c, Size: 0x00000a08, Max: 0x00020000, ABSOLUTE, COMPRESSED[0x0000003c])

    Exec Addr    Load Addr    Size         Type   Attr      Idx    E Section Name        Object

    0x20000000   COMPRESSED   0x00000120   Data   RW           20    .data               main.o
    0x20000120   COMPRESSED   0x00000010   Data   RW          562    .data               bno055.o
    0x20000130   COMPRESSED   0x00000040   Data   RW          754    .data               gpsparser.o
    0x20000170   COMPRESSED   0x0000000c   Data   RW         2359    .data               stm32f4xx_hal.o
    0x2000017c   COMPRESSED   0x00000004   Data   RW         2956    .data               system_stm32f4xx.o
    0x20000180   COMPRESSED   0x00000004   Data   RW         3222    .data               mc_w.l(errno.o)
    0x20000184   COMPRESSED   0x00000004   PAD
    0x20000188        -       0x000001e8   Zero   RW           16    .bss                main.o
    0x20000370        -       0x00000054   Zero   RW          229    .bss                i2c.o
    0x200003c4        -       0x00000040   Zero   RW          271    .bss                usart.o
    0x20000404        -       0x00000200   Zero   RW          752    .bss                gpsparser.o
    0x20000604   COMPRESSED   0x00000004   PAD
    0x20000608        -       0x00000400   Zero   RW            1    STACK               startup_stm32f407xx.o


==============================================================================

Image component sizes


      Code (inc. data)   RO Data    RW Data    ZI Data      Debug   Object Name

       186          0          0          0          0        848   absorientation.o
      1488         52          0          0          0       8707   bmp280.o
       608         28          0         16          0       7640   bno055.o
        44          6          0          0          0        811   gpio.o
       732        198         73         64        512       5260   gpsparser.o
       168         26          0          0         84       1709   i2c.o
      2042        150         48          0          0      14200   kalmanyazar.o
      1762         62          0        288        488     678297   main.o
      1286         32          0          0          0       9186   matrix.o
        36          8        392          0       1024        840   startup_stm32f407xx.o
       180         28          0         12          0       9465   stm32f4xx_hal.o
       172         14          0          0          0      33286   stm32f4xx_hal_cortex.o
       440         46          0          0          0       1752   stm32f4xx_hal_gpio.o
      3346         86          0          0          0      17697   stm32f4xx_hal_i2c.o
        48          6          0          0          0        870   stm32f4xx_hal_msp.o
      1332         76          0          0          0       5268   stm32f4xx_hal_rcc.o
       870         10          0          0          0       5299   stm32f4xx_hal_uart.o
        20          0          0          0          0       4226   stm32f4xx_it.o
        28          6         24          4          0       1179   system_stm32f4xx.o
       164         22          0          0         64       1738   usart.o

    ----------------------------------------------------------------------
     14978        856        576        384       2176     808278   Object Totals
         0          0         32          0          0          0   (incl. Generated)
        26          0          7          0          4          0   (incl. Padding)

    ----------------------------------------------------------------------

      Code (inc. data)   RO Data    RW Data    ZI Data      Debug   Library Member Name

       864         94         80          0          0        280   asin.o
       744        106        152          0          0        352   atan.o
       496         64          0          0          0        192   atan2.o
       200         20          0          0          0        164   cos.o
       368         46         48          0          0        200   cos_i.o
       184         44          0          0          0        744   dunder.o
        24          0          0          0          0        124   fabs.o
       260          6          0          0          0        144   fmod.o
        48          0          0          0          0        124   fpclassify.o
       248          0          0          0          0        152   poly.o
      3152        296        136          0          0        352   pow.o
         0          0          8          0          0          0   qnan.o
      1080        142        200          0          0        188   rred.o
       200         20          0          0          0        164   sin.o
       304         24         40          0          0        208   sin_i.o
       232          0          0          0          0        296   sqrt.o
        56          8          0          0          0         84   __0sscanf.o
        86          0          0          0          0          0   __dczerorl2.o
        28          0          0          0          0         68   _chval.o
       812          4          0          0          0        112   _scanf.o
       332          0          0          0          0         96   _scanf_int.o
       224          0          0          0          0         96   _scanf_str.o
        64          0          0          0          0         84   _sgetc.o
        40          6         64          0          0         68   ctype_c.o
         0          0          0          0          0          0   entry.o
         0          0          0          0          0          0   entry10a.o
         0          0          0          0          0          0   entry11a.o
         8          4          0          0          0          0   entry2.o
         4          0          0          0          0          0   entry5.o
         0          0          0          0          0          0   entry7b.o
         0          0          0          0          0          0   entry8b.o
         8          4          0          0          0          0   entry9a.o
        12          6          0          4          0         68   errno.o
        30          0          0          0          0          0   handlers.o
        36          8          0          0          0         68   init.o
        10          0          0          0          0         68   isspace_c.o
         0          0          0          0          0          0   iusefp.o
        98          0          0          0          0         84   ldiv.o
        30          0          0          0          0         68   llshl.o
        36          0          0          0          0         68   llsshr.o
        32          0          0          0          0         68   llushr.o
        36          0          0          0          0        108   memseta.o
        40          8          0          0          0         84   scanf_char.o
       878         12          0          0          0        216   scanf_fp.o
        14          0          0          0          0         68   strlen.o
        36          0          0          0          0         80   strstr.o
        98          0          0          0          0         92   uldiv.o
        48          0          0          0          0         68   cdcmple.o
        48          0          0          0          0         68   cdrcmple.o
        56          0          0          0          0         88   d2f.o
       334          0          0          0          0        148   dadd.o
       222          0          0          0          0        100   ddiv.o
       186          0          0          0          0        176   depilogue.o
        62          0          0          0          0         80   dfixi.o
        34          0          0          0          0         76   dflti.o
        26          0          0          0          0         76   dfltui.o
        24          0          0          0          0         76   dfltul.o
       228          0          0          0          0         96   dmul.o
       134          0          0          0          0         96   drem.o
        46          0          0          0          0         80   dscalb.o
       162          0          0          0          0        100   dsqrt.o
        38          0          0          0          0         68   f2d.o
       110          0          0          0          0        168   fepilogue.o

    ----------------------------------------------------------------------
     13234        926        728          4          4       6996   Library Totals
        24          4          0          0          4          0   (incl. Padding)

    ----------------------------------------------------------------------

      Code (inc. data)   RO Data    RW Data    ZI Data      Debug   Library Name

      8404        862        664          0          0       3684   m_wm.l
      3048         60         64          4          0       1748   mc_w.l
      1758          0          0          0          0       1564   mf_w.l

    ----------------------------------------------------------------------
     13234        926        728          4          4       6996   Library Totals

    ----------------------------------------------------------------------

==============================================================================


      Code (inc. data)   RO Data    RW Data    ZI Data      Debug   

     28212       1782       1304        388       2180     802290   Grand Totals
     28212       1782       1304         60       2180     802290   ELF Image Totals (compressed)
     28212       1782       1304         60          0          0   ROM Totals

==============================================================================

    Total RO  Size (Code + RO Data)                29516 (  28.82kB)
    Total RW  Size (RW Data + ZI Data)              2568 (   2.51kB)
    Total ROM Size (Code + RO Data + RW Data)      29576 (  28.88kB)

==============================================================================

